Component: ARM Compiler 6.16 Tool: armlink [5dfeaa00]

==============================================================================

Section Cross References

    system_stm32f4xx.o(.ARM.exidx.text.SystemInit) refers to system_stm32f4xx.o(.text.SystemInit) for [Anonymous Symbol]
    system_stm32f4xx.o(.text.SystemCoreClockUpdate) refers to system_stm32f4xx.o(.data.SystemCoreClock) for SystemCoreClock
    system_stm32f4xx.o(.text.SystemCoreClockUpdate) refers to system_stm32f4xx.o(.rodata.AHBPrescTable) for AHBPrescTable
    system_stm32f4xx.o(.ARM.exidx.text.SystemCoreClockUpdate) refers to system_stm32f4xx.o(.text.SystemCoreClockUpdate) for [Anonymous Symbol]
    main.o(.text.main) refers to stm32f4xx_hal.o(.text.HAL_Init) for HAL_Init
    main.o(.text.main) refers to stm32f4xx_hal_rcc.o(.text.HAL_RCC_OscConfig) for HAL_RCC_OscConfig
    main.o(.text.main) refers to stm32f4xx_hal_rcc.o(.text.HAL_RCC_ClockConfig) for HAL_RCC_ClockConfig
    main.o(.text.main) refers to stm32f4xx_hal_gpio.o(.text.HAL_GPIO_WritePin) for HAL_GPIO_WritePin
    main.o(.text.main) refers to stm32f4xx_hal_gpio.o(.text.HAL_GPIO_Init) for HAL_GPIO_Init
    main.o(.text.main) refers to stm32f4xx_hal_gpio.o(.text.HAL_GPIO_TogglePin) for HAL_GPIO_TogglePin
    main.o(.text.main) refers to stm32f4xx_hal.o(.text.HAL_Delay) for HAL_Delay
    main.o(.ARM.exidx.text.main) refers to main.o(.text.main) for [Anonymous Symbol]
    stm32f4xx_it.o(.ARM.exidx.text.NMI_Handler) refers to stm32f4xx_it.o(.text.NMI_Handler) for [Anonymous Symbol]
    stm32f4xx_it.o(.ARM.exidx.text.HardFault_Handler) refers to stm32f4xx_it.o(.text.HardFault_Handler) for [Anonymous Symbol]
    stm32f4xx_it.o(.ARM.exidx.text.MemManage_Handler) refers to stm32f4xx_it.o(.text.MemManage_Handler) for [Anonymous Symbol]
    stm32f4xx_it.o(.ARM.exidx.text.BusFault_Handler) refers to stm32f4xx_it.o(.text.BusFault_Handler) for [Anonymous Symbol]
    stm32f4xx_it.o(.ARM.exidx.text.UsageFault_Handler) refers to stm32f4xx_it.o(.text.UsageFault_Handler) for [Anonymous Symbol]
    stm32f4xx_it.o(.ARM.exidx.text.SVC_Handler) refers to stm32f4xx_it.o(.text.SVC_Handler) for [Anonymous Symbol]
    stm32f4xx_it.o(.ARM.exidx.text.DebugMon_Handler) refers to stm32f4xx_it.o(.text.DebugMon_Handler) for [Anonymous Symbol]
    stm32f4xx_it.o(.ARM.exidx.text.PendSV_Handler) refers to stm32f4xx_it.o(.text.PendSV_Handler) for [Anonymous Symbol]
    stm32f4xx_it.o(.text.SysTick_Handler) refers to stm32f4xx_hal.o(.text.HAL_IncTick) for HAL_IncTick
    stm32f4xx_it.o(.ARM.exidx.text.SysTick_Handler) refers to stm32f4xx_it.o(.text.SysTick_Handler) for [Anonymous Symbol]
    stm32f4xx_hal_msp.o(.ARM.exidx.text.HAL_MspInit) refers to stm32f4xx_hal_msp.o(.text.HAL_MspInit) for [Anonymous Symbol]
    stm32f4xx_hal_msp.o(.ARM.exidx.text.HAL_MspDeInit) refers to stm32f4xx_hal_msp.o(.text.HAL_MspDeInit) for [Anonymous Symbol]
    startup_stm32f411xe.o(RESET) refers to startup_stm32f411xe.o(STACK) for __initial_sp
    startup_stm32f411xe.o(RESET) refers to startup_stm32f411xe.o(.text) for Reset_Handler
    startup_stm32f411xe.o(RESET) refers to stm32f4xx_it.o(.text.NMI_Handler) for NMI_Handler
    startup_stm32f411xe.o(RESET) refers to stm32f4xx_it.o(.text.HardFault_Handler) for HardFault_Handler
    startup_stm32f411xe.o(RESET) refers to stm32f4xx_it.o(.text.MemManage_Handler) for MemManage_Handler
    startup_stm32f411xe.o(RESET) refers to stm32f4xx_it.o(.text.BusFault_Handler) for BusFault_Handler
    startup_stm32f411xe.o(RESET) refers to stm32f4xx_it.o(.text.UsageFault_Handler) for UsageFault_Handler
    startup_stm32f411xe.o(RESET) refers to stm32f4xx_it.o(.text.SVC_Handler) for SVC_Handler
    startup_stm32f411xe.o(RESET) refers to stm32f4xx_it.o(.text.DebugMon_Handler) for DebugMon_Handler
    startup_stm32f411xe.o(RESET) refers to stm32f4xx_it.o(.text.PendSV_Handler) for PendSV_Handler
    startup_stm32f411xe.o(RESET) refers to stm32f4xx_it.o(.text.SysTick_Handler) for SysTick_Handler
    startup_stm32f411xe.o(.text) refers to system_stm32f4xx.o(.text.SystemInit) for SystemInit
    startup_stm32f411xe.o(.text) refers to entry.o(.ARM.Collect$$$$00000000) for __main
    stm32f4xx_hal.o(.text.HAL_Init) refers to stm32f4xx_hal_cortex.o(.text.HAL_NVIC_SetPriorityGrouping) for HAL_NVIC_SetPriorityGrouping
    stm32f4xx_hal.o(.text.HAL_Init) refers to stm32f4xx_hal.o(.text.HAL_InitTick) for HAL_InitTick
    stm32f4xx_hal.o(.text.HAL_Init) refers to stm32f4xx_hal_msp.o(.text.HAL_MspInit) for HAL_MspInit
    stm32f4xx_hal.o(.ARM.exidx.text.HAL_Init) refers to stm32f4xx_hal.o(.text.HAL_Init) for [Anonymous Symbol]
    stm32f4xx_hal.o(.text.HAL_InitTick) refers to stm32f4xx_hal_cortex.o(.text.HAL_SYSTICK_Config) for HAL_SYSTICK_Config
    stm32f4xx_hal.o(.text.HAL_InitTick) refers to stm32f4xx_hal_cortex.o(.text.HAL_NVIC_SetPriority) for HAL_NVIC_SetPriority
    stm32f4xx_hal.o(.text.HAL_InitTick) refers to stm32f4xx_hal.o(.data..L_MergedGlobals) for [Anonymous Symbol]
[...]
    Removing stm32f4xx_hal_tim_ex.o(.text.HAL_TIMEx_OCN_Stop), (76 bytes).
    Removing stm32f4xx_hal_tim_ex.o(.ARM.exidx.text.HAL_TIMEx_OCN_Stop), (8 bytes).
    Removing stm32f4xx_hal_tim_ex.o(.text.HAL_TIMEx_OCN_Start_IT), (156 bytes).
    Removing stm32f4xx_hal_tim_ex.o(.ARM.exidx.text.HAL_TIMEx_OCN_Start_IT), (8 bytes).
    Removing stm32f4xx_hal_tim_ex.o(.text.HAL_TIMEx_OCN_Stop_IT), (142 bytes).
    Removing stm32f4xx_hal_tim_ex.o(.ARM.exidx.text.HAL_TIMEx_OCN_Stop_IT), (8 bytes).
    Removing stm32f4xx_hal_tim_ex.o(.text.HAL_TIMEx_OCN_Start_DMA), (300 bytes).
    Removing stm32f4xx_hal_tim_ex.o(.ARM.exidx.text.HAL_TIMEx_OCN_Start_DMA), (8 bytes).
    Removing stm32f4xx_hal_tim_ex.o(.text.TIM_DMADelayPulseNCplt), (100 bytes).
    Removing stm32f4xx_hal_tim_ex.o(.ARM.exidx.text.TIM_DMADelayPulseNCplt), (8 bytes).
    Removing stm32f4xx_hal_tim_ex.o(.text.TIM_DMAErrorCCxN), (62 bytes).
    Removing stm32f4xx_hal_tim_ex.o(.ARM.exidx.text.TIM_DMAErrorCCxN), (8 bytes).
    Removing stm32f4xx_hal_tim_ex.o(.text.HAL_TIMEx_OCN_Stop_DMA), (118 bytes).
    Removing stm32f4xx_hal_tim_ex.o(.ARM.exidx.text.HAL_TIMEx_OCN_Stop_DMA), (8 bytes).
    Removing stm32f4xx_hal_tim_ex.o(.text.HAL_TIMEx_PWMN_Start), (156 bytes).
    Removing stm32f4xx_hal_tim_ex.o(.ARM.exidx.text.HAL_TIMEx_PWMN_Start), (8 bytes).
    Removing stm32f4xx_hal_tim_ex.o(.text.HAL_TIMEx_PWMN_Stop), (76 bytes).
    Removing stm32f4xx_hal_tim_ex.o(.ARM.exidx.text.HAL_TIMEx_PWMN_Stop), (8 bytes).
    Removing stm32f4xx_hal_tim_ex.o(.text.HAL_TIMEx_PWMN_Start_IT), (156 bytes).
    Removing stm32f4xx_hal_tim_ex.o(.ARM.exidx.text.HAL_TIMEx_PWMN_Start_IT), (8 bytes).
    Removing stm32f4xx_hal_tim_ex.o(.text.HAL_TIMEx_PWMN_Stop_IT), (142 bytes).
    Removing stm32f4xx_hal_tim_ex.o(.ARM.exidx.text.HAL_TIMEx_PWMN_Stop_IT), (8 bytes).
    Removing stm32f4xx_hal_tim_ex.o(.text.HAL_TIMEx_PWMN_Start_DMA), (300 bytes).
    Removing stm32f4xx_hal_tim_ex.o(.ARM.exidx.text.HAL_TIMEx_PWMN_Start_DMA), (8 bytes).
    Removing stm32f4xx_hal_tim_ex.o(.text.HAL_TIMEx_PWMN_Stop_DMA), (118 bytes).
    Removing stm32f4xx_hal_tim_ex.o(.ARM.exidx.text.HAL_TIMEx_PWMN_Stop_DMA), (8 bytes).
    Removing stm32f4xx_hal_tim_ex.o(.text.HAL_TIMEx_OnePulseN_Start), (52 bytes).
    Removing stm32f4xx_hal_tim_ex.o(.ARM.exidx.text.HAL_TIMEx_OnePulseN_Start), (8 bytes).
    Removing stm32f4xx_hal_tim_ex.o(.text.HAL_TIMEx_OnePulseN_Stop), (54 bytes).
    Removing stm32f4xx_hal_tim_ex.o(.ARM.exidx.text.HAL_TIMEx_OnePulseN_Stop), (8 bytes).
    Removing stm32f4xx_hal_tim_ex.o(.text.HAL_TIMEx_OnePulseN_Start_IT), (56 bytes).
    Removing stm32f4xx_hal_tim_ex.o(.ARM.exidx.text.HAL_TIMEx_OnePulseN_Start_IT), (8 bytes).
    Removing stm32f4xx_hal_tim_ex.o(.text.HAL_TIMEx_OnePulseN_Stop_IT), (76 bytes).
    Removing stm32f4xx_hal_tim_ex.o(.ARM.exidx.text.HAL_TIMEx_OnePulseN_Stop_IT), (8 bytes).
    Removing stm32f4xx_hal_tim_ex.o(.text.HAL_TIMEx_ConfigCommutEvent), (44 bytes).
    Removing stm32f4xx_hal_tim_ex.o(.ARM.exidx.text.HAL_TIMEx_ConfigCommutEvent), (8 bytes).
    Removing stm32f4xx_hal_tim_ex.o(.text.HAL_TIMEx_ConfigCommutEvent_IT), (52 bytes).
    Removing stm32f4xx_hal_tim_ex.o(.ARM.exidx.text.HAL_TIMEx_ConfigCommutEvent_IT), (8 bytes).
    Removing stm32f4xx_hal_tim_ex.o(.text.HAL_TIMEx_ConfigCommutEvent_DMA), (96 bytes).
    Removing stm32f4xx_hal_tim_ex.o(.ARM.exidx.text.HAL_TIMEx_ConfigCommutEvent_DMA), (8 bytes).
    Removing stm32f4xx_hal_tim_ex.o(.text.TIMEx_DMACommutationCplt), (12 bytes).
    Removing stm32f4xx_hal_tim_ex.o(.ARM.exidx.text.TIMEx_DMACommutationCplt), (8 bytes).
    Removing stm32f4xx_hal_tim_ex.o(.text.TIMEx_DMACommutationHalfCplt), (12 bytes).
    Removing stm32f4xx_hal_tim_ex.o(.ARM.exidx.text.TIMEx_DMACommutationHalfCplt), (8 bytes).
    Removing stm32f4xx_hal_tim_ex.o(.text.HAL_TIMEx_MasterConfigSynchronization), (116 bytes).
    Removing stm32f4xx_hal_tim_ex.o(.ARM.exidx.text.HAL_TIMEx_MasterConfigSynchronization), (8 bytes).
    Removing stm32f4xx_hal_tim_ex.o(.text.HAL_TIMEx_ConfigBreakDeadTime), (78 bytes).
    Removing stm32f4xx_hal_tim_ex.o(.ARM.exidx.text.HAL_TIMEx_ConfigBreakDeadTime), (8 bytes).
    Removing stm32f4xx_hal_tim_ex.o(.text.HAL_TIMEx_RemapConfig), (26 bytes).
    Removing stm32f4xx_hal_tim_ex.o(.ARM.exidx.text.HAL_TIMEx_RemapConfig), (8 bytes).
    Removing stm32f4xx_hal_tim_ex.o(.text.HAL_TIMEx_CommutCallback), (2 bytes).
    Removing stm32f4xx_hal_tim_ex.o(.ARM.exidx.text.HAL_TIMEx_CommutCallback), (8 bytes).
    Removing stm32f4xx_hal_tim_ex.o(.text.HAL_TIMEx_CommutHalfCpltCallback), (2 bytes).
    Removing stm32f4xx_hal_tim_ex.o(.ARM.exidx.text.HAL_TIMEx_CommutHalfCpltCallback), (8 bytes).
    Removing stm32f4xx_hal_tim_ex.o(.text.HAL_TIMEx_BreakCallback), (2 bytes).
    Removing stm32f4xx_hal_tim_ex.o(.ARM.exidx.text.HAL_TIMEx_BreakCallback), (8 bytes).
    Removing stm32f4xx_hal_tim_ex.o(.text.HAL_TIMEx_HallSensor_GetState), (6 bytes).
    Removing stm32f4xx_hal_tim_ex.o(.ARM.exidx.text.HAL_TIMEx_HallSensor_GetState), (8 bytes).
    Removing stm32f4xx_hal_tim_ex.o(.text.HAL_TIMEx_GetChannelNState), (28 bytes).
    Removing stm32f4xx_hal_tim_ex.o(.ARM.exidx.text.HAL_TIMEx_GetChannelNState), (8 bytes).
    Removing stm32f4xx_hal_tim_ex.o(.text.OUTLINED_FUNCTION_0), (16 bytes).
    Removing stm32f4xx_hal_tim_ex.o(.ARM.exidx.text.OUTLINED_FUNCTION_0), (8 bytes).
    Removing stm32f4xx_hal_tim_ex.o(.text.OUTLINED_FUNCTION_1), (10 bytes).
    Removing stm32f4xx_hal_tim_ex.o(.ARM.exidx.text.OUTLINED_FUNCTION_1), (8 bytes).
    Removing stm32f4xx_hal_tim_ex.o(.text.OUTLINED_FUNCTION_2), (10 bytes).
    Removing stm32f4xx_hal_tim_ex.o(.ARM.exidx.text.OUTLINED_FUNCTION_2), (8 bytes).
    Removing stm32f4xx_hal_tim_ex.o(.text.OUTLINED_FUNCTION_3), (10 bytes).
    Removing stm32f4xx_hal_tim_ex.o(.ARM.exidx.text.OUTLINED_FUNCTION_3), (8 bytes).
    Removing stm32f4xx_hal_tim_ex.o(.text.OUTLINED_FUNCTION_4), (10 bytes).
    Removing stm32f4xx_hal_tim_ex.o(.ARM.exidx.text.OUTLINED_FUNCTION_4), (8 bytes).
    Removing stm32f4xx_hal_tim_ex.o(.text.OUTLINED_FUNCTION_5), (12 bytes).
    Removing stm32f4xx_hal_tim_ex.o(.ARM.exidx.text.OUTLINED_FUNCTION_5), (8 bytes).
    Removing stm32f4xx_hal_tim_ex.o(.text.OUTLINED_FUNCTION_6), (10 bytes).
    Removing stm32f4xx_hal_tim_ex.o(.ARM.exidx.text.OUTLINED_FUNCTION_6), (8 bytes).
    Removing stm32f4xx_hal_tim_ex.o(.text.OUTLINED_FUNCTION_7), (10 bytes).
    Removing stm32f4xx_hal_tim_ex.o(.ARM.exidx.text.OUTLINED_FUNCTION_7), (8 bytes).
    Removing stm32f4xx_hal_tim_ex.o(.text.OUTLINED_FUNCTION_8), (8 bytes).
    Removing stm32f4xx_hal_tim_ex.o(.ARM.exidx.text.OUTLINED_FUNCTION_8), (8 bytes).
    Removing stm32f4xx_hal_tim_ex.o(.text.OUTLINED_FUNCTION_9), (28 bytes).
    Removing stm32f4xx_hal_tim_ex.o(.ARM.exidx.text.OUTLINED_FUNCTION_9), (8 bytes).
    Removing stm32f4xx_hal_tim_ex.o(.text.OUTLINED_FUNCTION_10), (26 bytes).
    Removing stm32f4xx_hal_tim_ex.o(.ARM.exidx.text.OUTLINED_FUNCTION_10), (8 bytes).
    Removing stm32f4xx_hal_tim_ex.o(.text.OUTLINED_FUNCTION_11), (16 bytes).
    Removing stm32f4xx_hal_tim_ex.o(.ARM.exidx.text.OUTLINED_FUNCTION_11), (8 bytes).
    Removing stm32f4xx_hal_tim_ex.o(.text.OUTLINED_FUNCTION_12), (22 bytes).
    Removing stm32f4xx_hal_tim_ex.o(.ARM.exidx.text.OUTLINED_FUNCTION_12), (8 bytes).
    Removing stm32f4xx_hal_tim_ex.o(.text.OUTLINED_FUNCTION_13), (22 bytes).
    Removing stm32f4xx_hal_tim_ex.o(.ARM.exidx.text.OUTLINED_FUNCTION_13), (8 bytes).
    Removing stm32f4xx_hal_tim_ex.o(.text.OUTLINED_FUNCTION_14), (22 bytes).
    Removing stm32f4xx_hal_tim_ex.o(.ARM.exidx.text.OUTLINED_FUNCTION_14), (8 bytes).
    Removing stm32f4xx_hal_tim_ex.o(.text.OUTLINED_FUNCTION_15), (26 bytes).
    Removing stm32f4xx_hal_tim_ex.o(.ARM.exidx.text.OUTLINED_FUNCTION_15), (8 bytes).
    Removing stm32f4xx_hal_tim_ex.o(.text.OUTLINED_FUNCTION_16), (24 bytes).
    Removing stm32f4xx_hal_tim_ex.o(.ARM.exidx.text.OUTLINED_FUNCTION_16), (8 bytes).
    Removing stm32f4xx_hal_tim_ex.o(.text.OUTLINED_FUNCTION_17), (12 bytes).
    Removing stm32f4xx_hal_tim_ex.o(.ARM.exidx.text.OUTLINED_FUNCTION_17), (8 bytes).
    Removing stm32f4xx_hal_tim_ex.o(.text.OUTLINED_FUNCTION_18), (12 bytes).
    Removing stm32f4xx_hal_tim_ex.o(.ARM.exidx.text.OUTLINED_FUNCTION_18), (8 bytes).
    Removing stm32f4xx_hal_tim_ex.o(.text.OUTLINED_FUNCTION_19), (18 bytes).
    Removing stm32f4xx_hal_tim_ex.o(.ARM.exidx.text.OUTLINED_FUNCTION_19), (8 bytes).
    Removing stm32f4xx_hal_tim_ex.o(.text.OUTLINED_FUNCTION_20), (18 bytes).
    Removing stm32f4xx_hal_tim_ex.o(.ARM.exidx.text.OUTLINED_FUNCTION_20), (8 bytes).
    Removing stm32f4xx_hal_tim_ex.o(.text.OUTLINED_FUNCTION_21), (22 bytes).
    Removing stm32f4xx_hal_tim_ex.o(.ARM.exidx.text.OUTLINED_FUNCTION_21), (8 bytes).
    Removing stm32f4xx_hal_tim_ex.o(.text.OUTLINED_FUNCTION_22), (18 bytes).
    Removing stm32f4xx_hal_tim_ex.o(.ARM.exidx.text.OUTLINED_FUNCTION_22), (8 bytes).
    Removing stm32f4xx_hal_tim_ex.o(.text.OUTLINED_FUNCTION_23), (20 bytes).
    Removing stm32f4xx_hal_tim_ex.o(.ARM.exidx.text.OUTLINED_FUNCTION_23), (8 bytes).
    Removing stm32f4xx_hal_tim_ex.o(.text.OUTLINED_FUNCTION_24), (8 bytes).
    Removing stm32f4xx_hal_tim_ex.o(.ARM.exidx.text.OUTLINED_FUNCTION_24), (8 bytes).
    Removing stm32f4xx_hal_tim_ex.o(.text.OUTLINED_FUNCTION_25), (14 bytes).
    Removing stm32f4xx_hal_tim_ex.o(.ARM.exidx.text.OUTLINED_FUNCTION_25), (8 bytes).
    Removing stm32f4xx_hal_tim_ex.o(.text.OUTLINED_FUNCTION_26), (14 bytes).
    Removing stm32f4xx_hal_tim_ex.o(.ARM.exidx.text.OUTLINED_FUNCTION_26), (8 bytes).
    Removing stm32f4xx_hal_tim_ex.o(.text.OUTLINED_FUNCTION_27), (10 bytes).
    Removing stm32f4xx_hal_tim_ex.o(.ARM.exidx.text.OUTLINED_FUNCTION_27), (8 bytes).
    Removing stm32f4xx_hal_tim_ex.o(.text.OUTLINED_FUNCTION_28), (10 bytes).
    Removing stm32f4xx_hal_tim_ex.o(.ARM.exidx.text.OUTLINED_FUNCTION_28), (8 bytes).
    Removing stm32f4xx_hal_tim_ex.o(.text.OUTLINED_FUNCTION_29), (14 bytes).
    Removing stm32f4xx_hal_tim_ex.o(.ARM.exidx.text.OUTLINED_FUNCTION_29), (8 bytes).
    Removing stm32f4xx_hal_tim_ex.o(.text.OUTLINED_FUNCTION_30), (14 bytes).
    Removing stm32f4xx_hal_tim_ex.o(.ARM.exidx.text.OUTLINED_FUNCTION_30), (8 bytes).
    Removing stm32f4xx_hal_tim_ex.o(.text.OUTLINED_FUNCTION_31), (14 bytes).
    Removing stm32f4xx_hal_tim_ex.o(.ARM.exidx.text.OUTLINED_FUNCTION_31), (8 bytes).
    Removing stm32f4xx_hal_uart.o(.text), (0 bytes).
    Removing stm32f4xx_hal_uart.o(.text.HAL_UART_Init), (44 bytes).
    Removing stm32f4xx_hal_uart.o(.ARM.exidx.text.HAL_UART_Init), (8 bytes).
    Removing stm32f4xx_hal_uart.o(.text.HAL_UART_MspInit), (2 bytes).
    Removing stm32f4xx_hal_uart.o(.ARM.exidx.text.HAL_UART_MspInit), (8 bytes).
    Removing stm32f4xx_hal_uart.o(.text.UART_SetConfig), (172 bytes).
    Removing stm32f4xx_hal_uart.o(.ARM.exidx.text.UART_SetConfig), (8 bytes).
    Removing stm32f4xx_hal_uart.o(.text.HAL_HalfDuplex_Init), (52 bytes).
    Removing stm32f4xx_hal_uart.o(.ARM.exidx.text.HAL_HalfDuplex_Init), (8 bytes).
    Removing stm32f4xx_hal_uart.o(.text.HAL_LIN_Init), (64 bytes).
    Removing stm32f4xx_hal_uart.o(.ARM.exidx.text.HAL_LIN_Init), (8 bytes).
    Removing stm32f4xx_hal_uart.o(.text.HAL_MultiProcessor_Init), (72 bytes).
    Removing stm32f4xx_hal_uart.o(.ARM.exidx.text.HAL_MultiProcessor_Init), (8 bytes).
    Removing stm32f4xx_hal_uart.o(.text.HAL_UART_DeInit), (52 bytes).
    Removing stm32f4xx_hal_uart.o(.ARM.exidx.text.HAL_UART_DeInit), (8 bytes).
    Removing stm32f4xx_hal_uart.o(.text.HAL_UART_MspDeInit), (2 bytes).
    Removing stm32f4xx_hal_uart.o(.ARM.exidx.text.HAL_UART_MspDeInit), (8 bytes).
    Removing stm32f4xx_hal_uart.o(.text.HAL_UART_Transmit), (182 bytes).
    Removing stm32f4xx_hal_uart.o(.ARM.exidx.text.HAL_UART_Transmit), (8 bytes).
    Removing stm32f4xx_hal_uart.o(.text.UART_WaitOnFlagUntilTimeout), (94 bytes).
    Removing stm32f4xx_hal_uart.o(.ARM.exidx.text.UART_WaitOnFlagUntilTimeout), (8 bytes).
    Removing stm32f4xx_hal_uart.o(.text.HAL_UART_Receive), (188 bytes).
    Removing stm32f4xx_hal_uart.o(.ARM.exidx.text.HAL_UART_Receive), (8 bytes).
    Removing stm32f4xx_hal_uart.o(.text.HAL_UART_Transmit_IT), (64 bytes).
    Removing stm32f4xx_hal_uart.o(.ARM.exidx.text.HAL_UART_Transmit_IT), (8 bytes).
    Removing stm32f4xx_hal_uart.o(.text.HAL_UART_Receive_IT), (48 bytes).
    Removing stm32f4xx_hal_uart.o(.ARM.exidx.text.HAL_UART_Receive_IT), (8 bytes).
    Removing stm32f4xx_hal_uart.o(.text.UART_Start_Receive_IT), (54 bytes).
    Removing stm32f4xx_hal_uart.o(.ARM.exidx.text.UART_Start_Receive_IT), (8 bytes).
    Removing stm32f4xx_hal_uart.o(.text.HAL_UART_Transmit_DMA), (128 bytes).
    Removing stm32f4xx_hal_uart.o(.ARM.exidx.text.HAL_UART_Transmit_DMA), (8 bytes).
    Removing stm32f4xx_hal_uart.o(.text.UART_DMATransmitCplt), (60 bytes).
    Removing stm32f4xx_hal_uart.o(.ARM.exidx.text.UART_DMATransmitCplt), (8 bytes).
    Removing stm32f4xx_hal_uart.o(.text.UART_DMATxHalfCplt), (6 bytes).
    Removing stm32f4xx_hal_uart.o(.ARM.exidx.text.UART_DMATxHalfCplt), (8 bytes).
    Removing stm32f4xx_hal_uart.o(.text.UART_DMAError), (78 bytes).
    Removing stm32f4xx_hal_uart.o(.ARM.exidx.text.UART_DMAError), (8 bytes).
    Removing stm32f4xx_hal_uart.o(.text.HAL_UART_Receive_DMA), (48 bytes).
    Removing stm32f4xx_hal_uart.o(.ARM.exidx.text.HAL_UART_Receive_DMA), (8 bytes).
    Removing stm32f4xx_hal_uart.o(.text.UART_Start_Receive_DMA), (144 bytes).
    Removing stm32f4xx_hal_uart.o(.ARM.exidx.text.UART_Start_Receive_DMA), (8 bytes).
    Removing stm32f4xx_hal_uart.o(.text.HAL_UART_DMAPause), (136 bytes).
    Removing stm32f4xx_hal_uart.o(.ARM.exidx.text.HAL_UART_DMAPause), (8 bytes).
    Removing stm32f4xx_hal_uart.o(.text.HAL_UART_DMAResume), (148 bytes).
    Removing stm32f4xx_hal_uart.o(.ARM.exidx.text.HAL_UART_DMAResume), (8 bytes).
    Removing stm32f4xx_hal_uart.o(.text.HAL_UART_DMAStop), (92 bytes).
    Removing stm32f4xx_hal_uart.o(.ARM.exidx.text.HAL_UART_DMAStop), (8 bytes).
    Removing stm32f4xx_hal_uart.o(.text.UART_EndTxTransfer), (28 bytes).
    Removing stm32f4xx_hal_uart.o(.ARM.exidx.text.UART_EndTxTransfer), (8 bytes).
    Removing stm32f4xx_hal_uart.o(.text.UART_EndRxTransfer), (72 bytes).
    Removing stm32f4xx_hal_uart.o(.ARM.exidx.text.UART_EndRxTransfer), (8 bytes).
    Removing stm32f4xx_hal_uart.o(.text.HAL_UARTEx_ReceiveToIdle), (260 bytes).
    Removing stm32f4xx_hal_uart.o(.ARM.exidx.text.HAL_UARTEx_ReceiveToIdle), (8 bytes).
    Removing stm32f4xx_hal_uart.o(.text.HAL_UARTEx_ReceiveToIdle_IT), (88 bytes).
    Removing stm32f4xx_hal_uart.o(.ARM.exidx.text.HAL_UARTEx_ReceiveToIdle_IT), (8 bytes).
    Removing stm32f4xx_hal_uart.o(.text.HAL_UARTEx_ReceiveToIdle_DMA), (88 bytes).
    Removing stm32f4xx_hal_uart.o(.ARM.exidx.text.HAL_UARTEx_ReceiveToIdle_DMA), (8 bytes).
    Removing stm32f4xx_hal_uart.o(.text.HAL_UART_Abort), (142 bytes).
    Removing stm32f4xx_hal_uart.o(.ARM.exidx.text.HAL_UART_Abort), (8 bytes).
    Removing stm32f4xx_hal_uart.o(.text.HAL_UART_AbortTransmit), (76 bytes).
    Removing stm32f4xx_hal_uart.o(.ARM.exidx.text.HAL_UART_AbortTransmit), (8 bytes).
    Removing stm32f4xx_hal_uart.o(.text.HAL_UART_AbortReceive), (88 bytes).
    Removing stm32f4xx_hal_uart.o(.ARM.exidx.text.HAL_UART_AbortReceive), (8 bytes).
    Removing stm32f4xx_hal_uart.o(.text.HAL_UART_Abort_IT), (196 bytes).
    Removing stm32f4xx_hal_uart.o(.ARM.exidx.text.HAL_UART_Abort_IT), (8 bytes).
    Removing stm32f4xx_hal_uart.o(.text.UART_DMATxAbortCallback), (22 bytes).
    Removing stm32f4xx_hal_uart.o(.ARM.exidx.text.UART_DMATxAbortCallback), (8 bytes).
    Removing stm32f4xx_hal_uart.o(.text.UART_DMARxAbortCallback), (22 bytes).
    Removing stm32f4xx_hal_uart.o(.ARM.exidx.text.UART_DMARxAbortCallback), (8 bytes).
    Removing stm32f4xx_hal_uart.o(.text.HAL_UART_AbortCpltCallback), (2 bytes).
    Removing stm32f4xx_hal_uart.o(.ARM.exidx.text.HAL_UART_AbortCpltCallback), (8 bytes).
    Removing stm32f4xx_hal_uart.o(.text.HAL_UART_AbortTransmit_IT), (88 bytes).
    Removing stm32f4xx_hal_uart.o(.ARM.exidx.text.HAL_UART_AbortTransmit_IT), (8 bytes).
    Removing stm32f4xx_hal_uart.o(.text.UART_DMATxOnlyAbortCallback), (16 bytes).
    Removing stm32f4xx_hal_uart.o(.ARM.exidx.text.UART_DMATxOnlyAbortCallback), (8 bytes).
    Removing stm32f4xx_hal_uart.o(.text.HAL_UART_AbortTransmitCpltCallback), (2 bytes).
    Removing stm32f4xx_hal_uart.o(.ARM.exidx.text.HAL_UART_AbortTransmitCpltCallback), (8 bytes).
    Removing stm32f4xx_hal_uart.o(.text.HAL_UART_AbortReceive_IT), (100 bytes).
    Removing stm32f4xx_hal_uart.o(.ARM.exidx.text.HAL_UART_AbortReceive_IT), (8 bytes).
    Removing stm32f4xx_hal_uart.o(.text.UART_DMARxOnlyAbortCallback), (18 bytes).
    Removing stm32f4xx_hal_uart.o(.ARM.exidx.text.UART_DMARxOnlyAbortCallback), (8 bytes).
    Removing stm32f4xx_hal_uart.o(.text.HAL_UART_AbortReceiveCpltCallback), (2 bytes).
    Removing stm32f4xx_hal_uart.o(.ARM.exidx.text.HAL_UART_AbortReceiveCpltCallback), (8 bytes).
    Removing stm32f4xx_hal_uart.o(.text.HAL_UART_IRQHandler), (564 bytes).
    Removing stm32f4xx_hal_uart.o(.ARM.exidx.text.HAL_UART_IRQHandler), (8 bytes).
    Removing stm32f4xx_hal_uart.o(.text.UART_Receive_IT), (194 bytes).
    Removing stm32f4xx_hal_uart.o(.ARM.exidx.text.UART_Receive_IT), (8 bytes).
    Removing stm32f4xx_hal_uart.o(.text.UART_DMAAbortOnError), (12 bytes).
    Removing stm32f4xx_hal_uart.o(.ARM.exidx.text.UART_DMAAbortOnError), (8 bytes).
    Removing stm32f4xx_hal_uart.o(.text.HAL_UART_ErrorCallback), (2 bytes).
    Removing stm32f4xx_hal_uart.o(.ARM.exidx.text.HAL_UART_ErrorCallback), (8 bytes).
    Removing stm32f4xx_hal_uart.o(.text.HAL_UARTEx_RxEventCallback), (2 bytes).
    Removing stm32f4xx_hal_uart.o(.ARM.exidx.text.HAL_UARTEx_RxEventCallback), (8 bytes).
    Removing stm32f4xx_hal_uart.o(.text.HAL_UART_TxCpltCallback), (2 bytes).
    Removing stm32f4xx_hal_uart.o(.ARM.exidx.text.HAL_UART_TxCpltCallback), (8 bytes).
    Removing stm32f4xx_hal_uart.o(.text.HAL_UART_TxHalfCpltCallback), (2 bytes).
    Removing stm32f4xx_hal_uart.o(.ARM.exidx.text.HAL_UART_TxHalfCpltCallback), (8 bytes).
    Removing stm32f4xx_hal_uart.o(.text.HAL_UART_RxCpltCallback), (2 bytes).
    Removing stm32f4xx_hal_uart.o(.ARM.exidx.text.HAL_UART_RxCpltCallback), (8 bytes).
    Removing stm32f4xx_hal_uart.o(.text.HAL_UART_RxHalfCpltCallback), (2 bytes).
    Removing stm32f4xx_hal_uart.o(.ARM.exidx.text.HAL_UART_RxHalfCpltCallback), (8 bytes).
    Removing stm32f4xx_hal_uart.o(.text.HAL_LIN_SendBreak), (56 bytes).
    Removing stm32f4xx_hal_uart.o(.ARM.exidx.text.HAL_LIN_SendBreak), (8 bytes).
    Removing stm32f4xx_hal_uart.o(.text.HAL_MultiProcessor_EnterMuteMode), (56 bytes).
    Removing stm32f4xx_hal_uart.o(.ARM.exidx.text.HAL_MultiProcessor_EnterMuteMode), (8 bytes).
    Removing stm32f4xx_hal_uart.o(.text.HAL_MultiProcessor_ExitMuteMode), (56 bytes).
    Removing stm32f4xx_hal_uart.o(.ARM.exidx.text.HAL_MultiProcessor_ExitMuteMode), (8 bytes).
    Removing stm32f4xx_hal_uart.o(.text.HAL_HalfDuplex_EnableTransmitter), (42 bytes).
    Removing stm32f4xx_hal_uart.o(.ARM.exidx.text.HAL_HalfDuplex_EnableTransmitter), (8 bytes).
    Removing stm32f4xx_hal_uart.o(.text.HAL_HalfDuplex_EnableReceiver), (42 bytes).
    Removing stm32f4xx_hal_uart.o(.ARM.exidx.text.HAL_HalfDuplex_EnableReceiver), (8 bytes).
    Removing stm32f4xx_hal_uart.o(.text.HAL_UART_GetState), (14 bytes).
    Removing stm32f4xx_hal_uart.o(.ARM.exidx.text.HAL_UART_GetState), (8 bytes).
    Removing stm32f4xx_hal_uart.o(.text.HAL_UART_GetError), (4 bytes).
    Removing stm32f4xx_hal_uart.o(.ARM.exidx.text.HAL_UART_GetError), (8 bytes).
    Removing stm32f4xx_hal_uart.o(.text.UART_DMAReceiveCplt), (116 bytes).
    Removing stm32f4xx_hal_uart.o(.ARM.exidx.text.UART_DMAReceiveCplt), (8 bytes).
    Removing stm32f4xx_hal_uart.o(.text.UART_DMARxHalfCplt), (20 bytes).
    Removing stm32f4xx_hal_uart.o(.ARM.exidx.text.UART_DMARxHalfCplt), (8 bytes).
    Removing stm32f4xx_hal_uart.o(.text.OUTLINED_FUNCTION_0), (20 bytes).
    Removing stm32f4xx_hal_uart.o(.ARM.exidx.text.OUTLINED_FUNCTION_0), (8 bytes).
    Removing stm32f4xx_hal_uart.o(.text.OUTLINED_FUNCTION_1), (18 bytes).
    Removing stm32f4xx_hal_uart.o(.ARM.exidx.text.OUTLINED_FUNCTION_1), (8 bytes).
    Removing stm32f4xx_hal_uart.o(.text.OUTLINED_FUNCTION_2), (20 bytes).
    Removing stm32f4xx_hal_uart.o(.ARM.exidx.text.OUTLINED_FUNCTION_2), (8 bytes).
    Removing stm32f4xx_hal_uart.o(.text.OUTLINED_FUNCTION_3), (22 bytes).
    Removing stm32f4xx_hal_uart.o(.ARM.exidx.text.OUTLINED_FUNCTION_3), (8 bytes).
    Removing stm32f4xx_hal_uart.o(.text.OUTLINED_FUNCTION_4), (18 bytes).
    Removing stm32f4xx_hal_uart.o(.ARM.exidx.text.OUTLINED_FUNCTION_4), (8 bytes).
    Removing stm32f4xx_hal_uart.o(.text.OUTLINED_FUNCTION_5), (8 bytes).
    Removing stm32f4xx_hal_uart.o(.ARM.exidx.text.OUTLINED_FUNCTION_5), (8 bytes).
    Removing stm32f4xx_hal_uart.o(.text.OUTLINED_FUNCTION_6), (12 bytes).
    Removing stm32f4xx_hal_uart.o(.ARM.exidx.text.OUTLINED_FUNCTION_6), (8 bytes).
    Removing stm32f4xx_hal_uart.o(.text.OUTLINED_FUNCTION_7), (26 bytes).
    Removing stm32f4xx_hal_uart.o(.ARM.exidx.text.OUTLINED_FUNCTION_7), (8 bytes).
    Removing stm32f4xx_hal_uart.o(.text.OUTLINED_FUNCTION_8), (22 bytes).
    Removing stm32f4xx_hal_uart.o(.ARM.exidx.text.OUTLINED_FUNCTION_8), (8 bytes).
    Removing stm32f4xx_hal_uart.o(.text.OUTLINED_FUNCTION_9), (24 bytes).
    Removing stm32f4xx_hal_uart.o(.ARM.exidx.text.OUTLINED_FUNCTION_9), (8 bytes).
    Removing stm32f4xx_hal_uart.o(.text.OUTLINED_FUNCTION_10), (20 bytes).
    Removing stm32f4xx_hal_uart.o(.ARM.exidx.text.OUTLINED_FUNCTION_10), (8 bytes).
    Removing stm32f4xx_hal_uart.o(.text.OUTLINED_FUNCTION_11), (8 bytes).
    Removing stm32f4xx_hal_uart.o(.ARM.exidx.text.OUTLINED_FUNCTION_11), (8 bytes).
    Removing stm32f4xx_hal_uart.o(.text.OUTLINED_FUNCTION_12), (12 bytes).
    Removing stm32f4xx_hal_uart.o(.ARM.exidx.text.OUTLINED_FUNCTION_12), (8 bytes).
    Removing stm32f4xx_hal_uart.o(.text.OUTLINED_FUNCTION_13), (18 bytes).
    Removing stm32f4xx_hal_uart.o(.ARM.exidx.text.OUTLINED_FUNCTION_13), (8 bytes).
    Removing stm32f4xx_hal_uart.o(.text.OUTLINED_FUNCTION_14), (8 bytes).
    Removing stm32f4xx_hal_uart.o(.ARM.exidx.text.OUTLINED_FUNCTION_14), (8 bytes).
    Removing stm32f4xx_hal_uart.o(.text.OUTLINED_FUNCTION_15), (14 bytes).
    Removing stm32f4xx_hal_uart.o(.ARM.exidx.text.OUTLINED_FUNCTION_15), (8 bytes).
    Removing stm32f4xx_hal_uart.o(.text.OUTLINED_FUNCTION_16), (14 bytes).
    Removing stm32f4xx_hal_uart.o(.ARM.exidx.text.OUTLINED_FUNCTION_16), (8 bytes).
    Removing stm32f4xx_hal_uart.o(.text.OUTLINED_FUNCTION_17), (14 bytes).
    Removing stm32f4xx_hal_uart.o(.ARM.exidx.text.OUTLINED_FUNCTION_17), (8 bytes).
    Removing stm32f4xx_hal_uart.o(.text.OUTLINED_FUNCTION_18), (14 bytes).
    Removing stm32f4xx_hal_uart.o(.ARM.exidx.text.OUTLINED_FUNCTION_18), (8 bytes).
    Removing stm32f4xx_hal_usart.o(.text), (0 bytes).
    Removing stm32f4xx_hal_usart.o(.text.HAL_USART_Init), (228 bytes).
    Removing stm32f4xx_hal_usart.o(.ARM.exidx.text.HAL_USART_Init), (8 bytes).
    Removing stm32f4xx_hal_usart.o(.text.HAL_USART_MspInit), (2 bytes).
    Removing stm32f4xx_hal_usart.o(.ARM.exidx.text.HAL_USART_MspInit), (8 bytes).
    Removing stm32f4xx_hal_usart.o(.text.HAL_USART_DeInit), (46 bytes).
    Removing stm32f4xx_hal_usart.o(.ARM.exidx.text.HAL_USART_DeInit), (8 bytes).
    Removing stm32f4xx_hal_usart.o(.text.HAL_USART_MspDeInit), (2 bytes).
    Removing stm32f4xx_hal_usart.o(.ARM.exidx.text.HAL_USART_MspDeInit), (8 bytes).
    Removing stm32f4xx_hal_usart.o(.text.HAL_USART_Transmit), (156 bytes).
    Removing stm32f4xx_hal_usart.o(.ARM.exidx.text.HAL_USART_Transmit), (8 bytes).
    Removing stm32f4xx_hal_usart.o(.text.USART_WaitOnFlagUntilTimeout), (88 bytes).
    Removing stm32f4xx_hal_usart.o(.ARM.exidx.text.USART_WaitOnFlagUntilTimeout), (8 bytes).
    Removing stm32f4xx_hal_usart.o(.text.HAL_USART_Receive), (178 bytes).
    Removing stm32f4xx_hal_usart.o(.ARM.exidx.text.HAL_USART_Receive), (8 bytes).
    Removing stm32f4xx_hal_usart.o(.text.HAL_USART_TransmitReceive), (284 bytes).
    Removing stm32f4xx_hal_usart.o(.ARM.exidx.text.HAL_USART_TransmitReceive), (8 bytes).
    Removing stm32f4xx_hal_usart.o(.text.HAL_USART_Transmit_IT), (64 bytes).
    Removing stm32f4xx_hal_usart.o(.ARM.exidx.text.HAL_USART_Transmit_IT), (8 bytes).
    Removing stm32f4xx_hal_usart.o(.text.HAL_USART_Receive_IT), (88 bytes).
    Removing stm32f4xx_hal_usart.o(.ARM.exidx.text.HAL_USART_Receive_IT), (8 bytes).
    Removing stm32f4xx_hal_usart.o(.text.HAL_USART_TransmitReceive_IT), (100 bytes).
    Removing stm32f4xx_hal_usart.o(.ARM.exidx.text.HAL_USART_TransmitReceive_IT), (8 bytes).
    Removing stm32f4xx_hal_usart.o(.text.HAL_USART_Transmit_DMA), (116 bytes).
    Removing stm32f4xx_hal_usart.o(.ARM.exidx.text.HAL_USART_Transmit_DMA), (8 bytes).
    Removing stm32f4xx_hal_usart.o(.text.USART_DMATransmitCplt), (56 bytes).
    Removing stm32f4xx_hal_usart.o(.ARM.exidx.text.USART_DMATransmitCplt), (8 bytes).
    Removing stm32f4xx_hal_usart.o(.text.USART_DMATxHalfCplt), (6 bytes).
    Removing stm32f4xx_hal_usart.o(.ARM.exidx.text.USART_DMATxHalfCplt), (8 bytes).
    Removing stm32f4xx_hal_usart.o(.text.USART_DMAError), (84 bytes).
    Removing stm32f4xx_hal_usart.o(.ARM.exidx.text.USART_DMAError), (8 bytes).
    Removing stm32f4xx_hal_usart.o(.text.HAL_USART_Receive_DMA), (148 bytes).
    Removing stm32f4xx_hal_usart.o(.ARM.exidx.text.HAL_USART_Receive_DMA), (8 bytes).
    Removing stm32f4xx_hal_usart.o(.text.USART_DMAReceiveCplt), (86 bytes).
    Removing stm32f4xx_hal_usart.o(.ARM.exidx.text.USART_DMAReceiveCplt), (8 bytes).
    Removing stm32f4xx_hal_usart.o(.text.USART_DMARxHalfCplt), (6 bytes).
    Removing stm32f4xx_hal_usart.o(.ARM.exidx.text.USART_DMARxHalfCplt), (8 bytes).
    Removing stm32f4xx_hal_usart.o(.text.HAL_USART_TransmitReceive_DMA), (188 bytes).
    Removing stm32f4xx_hal_usart.o(.ARM.exidx.text.HAL_USART_TransmitReceive_DMA), (8 bytes).
    Removing stm32f4xx_hal_usart.o(.text.HAL_USART_DMAPause), (32 bytes).
    Removing stm32f4xx_hal_usart.o(.ARM.exidx.text.HAL_USART_DMAPause), (8 bytes).
    Removing stm32f4xx_hal_usart.o(.text.HAL_USART_DMAResume), (32 bytes).
    Removing stm32f4xx_hal_usart.o(.ARM.exidx.text.HAL_USART_DMAResume), (8 bytes).
    Removing stm32f4xx_hal_usart.o(.text.HAL_USART_DMAStop), (94 bytes).
    Removing stm32f4xx_hal_usart.o(.ARM.exidx.text.HAL_USART_DMAStop), (8 bytes).
    Removing stm32f4xx_hal_usart.o(.text.USART_EndRxTransfer), (26 bytes).
    Removing stm32f4xx_hal_usart.o(.ARM.exidx.text.USART_EndRxTransfer), (8 bytes).
    Removing stm32f4xx_hal_usart.o(.text.HAL_USART_Abort), (94 bytes).
    Removing stm32f4xx_hal_usart.o(.ARM.exidx.text.HAL_USART_Abort), (8 bytes).
    Removing stm32f4xx_hal_usart.o(.text.HAL_USART_Abort_IT), (148 bytes).
    Removing stm32f4xx_hal_usart.o(.ARM.exidx.text.HAL_USART_Abort_IT), (8 bytes).
    Removing stm32f4xx_hal_usart.o(.text.USART_DMATxAbortCallback), (22 bytes).
    Removing stm32f4xx_hal_usart.o(.ARM.exidx.text.USART_DMATxAbortCallback), (8 bytes).
    Removing stm32f4xx_hal_usart.o(.text.USART_DMARxAbortCallback), (22 bytes).
    Removing stm32f4xx_hal_usart.o(.ARM.exidx.text.USART_DMARxAbortCallback), (8 bytes).
    Removing stm32f4xx_hal_usart.o(.text.HAL_USART_AbortCpltCallback), (2 bytes).
    Removing stm32f4xx_hal_usart.o(.ARM.exidx.text.HAL_USART_AbortCpltCallback), (8 bytes).
    Removing stm32f4xx_hal_usart.o(.text.HAL_USART_IRQHandler), (380 bytes).
    Removing stm32f4xx_hal_usart.o(.ARM.exidx.text.HAL_USART_IRQHandler), (8 bytes).
    Removing stm32f4xx_hal_usart.o(.text.USART_Receive_IT), (110 bytes).
    Removing stm32f4xx_hal_usart.o(.ARM.exidx.text.USART_Receive_IT), (8 bytes).
    Removing stm32f4xx_hal_usart.o(.text.USART_TransmitReceive_IT), (168 bytes).
    Removing stm32f4xx_hal_usart.o(.ARM.exidx.text.USART_TransmitReceive_IT), (8 bytes).
    Removing stm32f4xx_hal_usart.o(.text.USART_DMAAbortOnError), (12 bytes).
    Removing stm32f4xx_hal_usart.o(.ARM.exidx.text.USART_DMAAbortOnError), (8 bytes).
    Removing stm32f4xx_hal_usart.o(.text.HAL_USART_ErrorCallback), (2 bytes).
    Removing stm32f4xx_hal_usart.o(.ARM.exidx.text.HAL_USART_ErrorCallback), (8 bytes).
    Removing stm32f4xx_hal_usart.o(.text.HAL_USART_TxCpltCallback), (2 bytes).
    Removing stm32f4xx_hal_usart.o(.ARM.exidx.text.HAL_USART_TxCpltCallback), (8 bytes).
    Removing stm32f4xx_hal_usart.o(.text.HAL_USART_TxHalfCpltCallback), (2 bytes).
    Removing stm32f4xx_hal_usart.o(.ARM.exidx.text.HAL_USART_TxHalfCpltCallback), (8 bytes).
    Removing stm32f4xx_hal_usart.o(.text.HAL_USART_RxCpltCallback), (2 bytes).
    Removing stm32f4xx_hal_usart.o(.ARM.exidx.text.HAL_USART_RxCpltCallback), (8 bytes).
    Removing stm32f4xx_hal_usart.o(.text.HAL_USART_RxHalfCpltCallback), (2 bytes).
    Removing stm32f4xx_hal_usart.o(.ARM.exidx.text.HAL_USART_RxHalfCpltCallback), (8 bytes).
    Removing stm32f4xx_hal_usart.o(.text.HAL_USART_TxRxCpltCallback), (2 bytes).
    Removing stm32f4xx_hal_usart.o(.ARM.exidx.text.HAL_USART_TxRxCpltCallback), (8 bytes).
    Removing stm32f4xx_hal_usart.o(.text.HAL_USART_GetState), (6 bytes).
    Removing stm32f4xx_hal_usart.o(.ARM.exidx.text.HAL_USART_GetState), (8 bytes).
    Removing stm32f4xx_hal_usart.o(.text.HAL_USART_GetError), (4 bytes).
    Removing stm32f4xx_hal_usart.o(.ARM.exidx.text.HAL_USART_GetError), (8 bytes).
    Removing stm32f4xx_hal_usart.o(.text.OUTLINED_FUNCTION_0), (28 bytes).
    Removing stm32f4xx_hal_usart.o(.ARM.exidx.text.OUTLINED_FUNCTION_0), (8 bytes).
    Removing stm32f4xx_hal_usart.o(.text.OUTLINED_FUNCTION_1), (32 bytes).
    Removing stm32f4xx_hal_usart.o(.ARM.exidx.text.OUTLINED_FUNCTION_1), (8 bytes).
    Removing stm32f4xx_hal_usart.o(.text.OUTLINED_FUNCTION_2), (10 bytes).
    Removing stm32f4xx_hal_usart.o(.ARM.exidx.text.OUTLINED_FUNCTION_2), (8 bytes).
    Removing stm32f4xx_hal_usart.o(.text.OUTLINED_FUNCTION_3), (16 bytes).
    Removing stm32f4xx_hal_usart.o(.ARM.exidx.text.OUTLINED_FUNCTION_3), (8 bytes).
    Removing stm32f4xx_hal_usart.o(.text.OUTLINED_FUNCTION_4), (16 bytes).
    Removing stm32f4xx_hal_usart.o(.ARM.exidx.text.OUTLINED_FUNCTION_4), (8 bytes).
    Removing stm32f4xx_hal_usart.o(.text.OUTLINED_FUNCTION_5), (14 bytes).
    Removing stm32f4xx_hal_usart.o(.ARM.exidx.text.OUTLINED_FUNCTION_5), (8 bytes).
    Removing stm32f4xx_hal_usart.o(.text.OUTLINED_FUNCTION_6), (18 bytes).
    Removing stm32f4xx_hal_usart.o(.ARM.exidx.text.OUTLINED_FUNCTION_6), (8 bytes).
    Removing stm32f4xx_hal_usart.o(.text.OUTLINED_FUNCTION_7), (14 bytes).
    Removing stm32f4xx_hal_usart.o(.ARM.exidx.text.OUTLINED_FUNCTION_7), (8 bytes).
    Removing stm32f4xx_hal_usart.o(.text.OUTLINED_FUNCTION_8), (8 bytes).
    Removing stm32f4xx_hal_usart.o(.ARM.exidx.text.OUTLINED_FUNCTION_8), (8 bytes).
    Removing stm32f4xx_hal_usart.o(.text.OUTLINED_FUNCTION_9), (8 bytes).
    Removing stm32f4xx_hal_usart.o(.ARM.exidx.text.OUTLINED_FUNCTION_9), (8 bytes).
    Removing stm32f4xx_hal_usart.o(.text.OUTLINED_FUNCTION_10), (8 bytes).
    Removing stm32f4xx_hal_usart.o(.ARM.exidx.text.OUTLINED_FUNCTION_10), (8 bytes).
    Removing stm32f4xx_hal_usart.o(.text.OUTLINED_FUNCTION_11), (10 bytes).
    Removing stm32f4xx_hal_usart.o(.ARM.exidx.text.OUTLINED_FUNCTION_11), (8 bytes).
    Removing stm32f4xx_hal_usart.o(.text.OUTLINED_FUNCTION_12), (10 bytes).
    Removing stm32f4xx_hal_usart.o(.ARM.exidx.text.OUTLINED_FUNCTION_12), (8 bytes).
    Removing stm32f4xx_hal_wwdg.o(.text), (0 bytes).
    Removing stm32f4xx_hal_wwdg.o(.text.HAL_WWDG_Init), (36 bytes).
    Removing stm32f4xx_hal_wwdg.o(.ARM.exidx.text.HAL_WWDG_Init), (8 bytes).
    Removing stm32f4xx_hal_wwdg.o(.text.HAL_WWDG_MspInit), (2 bytes).
    Removing stm32f4xx_hal_wwdg.o(.ARM.exidx.text.HAL_WWDG_MspInit), (8 bytes).
    Removing stm32f4xx_hal_wwdg.o(.text.HAL_WWDG_Refresh), (10 bytes).
    Removing stm32f4xx_hal_wwdg.o(.ARM.exidx.text.HAL_WWDG_Refresh), (8 bytes).
    Removing stm32f4xx_hal_wwdg.o(.text.HAL_WWDG_IRQHandler), (26 bytes).
    Removing stm32f4xx_hal_wwdg.o(.ARM.exidx.text.HAL_WWDG_IRQHandler), (8 bytes).
    Removing stm32f4xx_hal_wwdg.o(.text.HAL_WWDG_EarlyWakeupCallback), (2 bytes).
    Removing stm32f4xx_hal_wwdg.o(.ARM.exidx.text.HAL_WWDG_EarlyWakeupCallback), (8 bytes).
    Removing stm32f4xx_ll_adc.o(.text), (0 bytes).
    Removing stm32f4xx_ll_crc.o(.text), (0 bytes).
    Removing stm32f4xx_ll_dac.o(.text), (0 bytes).
    Removing stm32f4xx_ll_dma.o(.text), (0 bytes).
    Removing stm32f4xx_ll_dma2d.o(.text), (0 bytes).
    Removing stm32f4xx_ll_exti.o(.text), (0 bytes).
    Removing stm32f4xx_ll_fsmc.o(.text), (0 bytes).
    Removing stm32f4xx_ll_gpio.o(.text), (0 bytes).
    Removing stm32f4xx_ll_i2c.o(.text), (0 bytes).
    Removing stm32f4xx_ll_lptim.o(.text), (0 bytes).
    Removing stm32f4xx_ll_pwr.o(.text), (0 bytes).
    Removing stm32f4xx_ll_rcc.o(.text), (0 bytes).
    Removing stm32f4xx_ll_rng.o(.text), (0 bytes).
    Removing stm32f4xx_ll_rtc.o(.text), (0 bytes).
    Removing stm32f4xx_ll_sdmmc.o(.text), (0 bytes).
    Removing stm32f4xx_ll_sdmmc.o(.text.SDIO_Init), (34 bytes).
    Removing stm32f4xx_ll_sdmmc.o(.ARM.exidx.text.SDIO_Init), (8 bytes).
    Removing stm32f4xx_ll_sdmmc.o(.text.SDIO_ReadFIFO), (6 bytes).
    Removing stm32f4xx_ll_sdmmc.o(.ARM.exidx.text.SDIO_ReadFIFO), (8 bytes).
    Removing stm32f4xx_ll_sdmmc.o(.text.SDIO_WriteFIFO), (10 bytes).
    Removing stm32f4xx_ll_sdmmc.o(.ARM.exidx.text.SDIO_WriteFIFO), (8 bytes).
    Removing stm32f4xx_ll_sdmmc.o(.text.SDIO_PowerState_ON), (8 bytes).
    Removing stm32f4xx_ll_sdmmc.o(.ARM.exidx.text.SDIO_PowerState_ON), (8 bytes).
    Removing stm32f4xx_ll_sdmmc.o(.text.SDIO_PowerState_OFF), (8 bytes).
    Removing stm32f4xx_ll_sdmmc.o(.ARM.exidx.text.SDIO_PowerState_OFF), (8 bytes).
    Removing stm32f4xx_ll_sdmmc.o(.text.SDIO_GetPowerState), (8 bytes).
    Removing stm32f4xx_ll_sdmmc.o(.ARM.exidx.text.SDIO_GetPowerState), (8 bytes).
    Removing stm32f4xx_ll_sdmmc.o(.text.SDIO_SendCommand), (32 bytes).
    Removing stm32f4xx_ll_sdmmc.o(.ARM.exidx.text.SDIO_SendCommand), (8 bytes).
    Removing stm32f4xx_ll_sdmmc.o(.text.SDIO_GetCommandResponse), (6 bytes).
    Removing stm32f4xx_ll_sdmmc.o(.ARM.exidx.text.SDIO_GetCommandResponse), (8 bytes).
    Removing stm32f4xx_ll_sdmmc.o(.text.SDIO_GetResponse), (6 bytes).
    Removing stm32f4xx_ll_sdmmc.o(.ARM.exidx.text.SDIO_GetResponse), (8 bytes).
    Removing stm32f4xx_ll_sdmmc.o(.text.SDIO_ConfigData), (36 bytes).
    Removing stm32f4xx_ll_sdmmc.o(.ARM.exidx.text.SDIO_ConfigData), (8 bytes).
    Removing stm32f4xx_ll_sdmmc.o(.text.SDIO_GetDataCounter), (4 bytes).
    Removing stm32f4xx_ll_sdmmc.o(.ARM.exidx.text.SDIO_GetDataCounter), (8 bytes).
    Removing stm32f4xx_ll_sdmmc.o(.text.SDIO_GetFIFOCount), (6 bytes).
    Removing stm32f4xx_ll_sdmmc.o(.ARM.exidx.text.SDIO_GetFIFOCount), (8 bytes).
    Removing stm32f4xx_ll_sdmmc.o(.text.SDIO_SetSDMMCReadWaitMode), (14 bytes).
    Removing stm32f4xx_ll_sdmmc.o(.ARM.exidx.text.SDIO_SetSDMMCReadWaitMode), (8 bytes).
    Removing stm32f4xx_ll_sdmmc.o(.text.SDMMC_CmdBlockLength), (38 bytes).
    Removing stm32f4xx_ll_sdmmc.o(.ARM.exidx.text.SDMMC_CmdBlockLength), (8 bytes).
    Removing stm32f4xx_ll_sdmmc.o(.text.SDMMC_GetCmdResp1), (284 bytes).
    Removing stm32f4xx_ll_sdmmc.o(.ARM.exidx.text.SDMMC_GetCmdResp1), (8 bytes).
    Removing stm32f4xx_ll_sdmmc.o(.text.SDMMC_CmdReadSingleBlock), (38 bytes).
    Removing stm32f4xx_ll_sdmmc.o(.ARM.exidx.text.SDMMC_CmdReadSingleBlock), (8 bytes).
    Removing stm32f4xx_ll_sdmmc.o(.text.SDMMC_CmdReadMultiBlock), (38 bytes).
    Removing stm32f4xx_ll_sdmmc.o(.ARM.exidx.text.SDMMC_CmdReadMultiBlock), (8 bytes).
    Removing stm32f4xx_ll_sdmmc.o(.text.SDMMC_CmdWriteSingleBlock), (38 bytes).
    Removing stm32f4xx_ll_sdmmc.o(.ARM.exidx.text.SDMMC_CmdWriteSingleBlock), (8 bytes).
    Removing stm32f4xx_ll_sdmmc.o(.text.SDMMC_CmdWriteMultiBlock), (38 bytes).
    Removing stm32f4xx_ll_sdmmc.o(.ARM.exidx.text.SDMMC_CmdWriteMultiBlock), (8 bytes).
    Removing stm32f4xx_ll_sdmmc.o(.text.SDMMC_CmdSDEraseStartAdd), (38 bytes).
    Removing stm32f4xx_ll_sdmmc.o(.ARM.exidx.text.SDMMC_CmdSDEraseStartAdd), (8 bytes).
    Removing stm32f4xx_ll_sdmmc.o(.text.SDMMC_CmdSDEraseEndAdd), (38 bytes).
    Removing stm32f4xx_ll_sdmmc.o(.ARM.exidx.text.SDMMC_CmdSDEraseEndAdd), (8 bytes).
    Removing stm32f4xx_ll_sdmmc.o(.text.SDMMC_CmdEraseStartAdd), (38 bytes).
    Removing stm32f4xx_ll_sdmmc.o(.ARM.exidx.text.SDMMC_CmdEraseStartAdd), (8 bytes).
    Removing stm32f4xx_ll_sdmmc.o(.text.SDMMC_CmdEraseEndAdd), (38 bytes).
    Removing stm32f4xx_ll_sdmmc.o(.ARM.exidx.text.SDMMC_CmdEraseEndAdd), (8 bytes).
    Removing stm32f4xx_ll_sdmmc.o(.text.SDMMC_CmdErase), (40 bytes).
    Removing stm32f4xx_ll_sdmmc.o(.ARM.exidx.text.SDMMC_CmdErase), (8 bytes).
    Removing stm32f4xx_ll_sdmmc.o(.text.SDMMC_CmdStopTransfer), (44 bytes).
    Removing stm32f4xx_ll_sdmmc.o(.ARM.exidx.text.SDMMC_CmdStopTransfer), (8 bytes).
    Removing stm32f4xx_ll_sdmmc.o(.text.SDMMC_CmdSelDesel), (38 bytes).
    Removing stm32f4xx_ll_sdmmc.o(.ARM.exidx.text.SDMMC_CmdSelDesel), (8 bytes).
    Removing stm32f4xx_ll_sdmmc.o(.text.SDMMC_CmdGoIdleState), (80 bytes).
    Removing stm32f4xx_ll_sdmmc.o(.ARM.exidx.text.SDMMC_CmdGoIdleState), (8 bytes).
    Removing stm32f4xx_ll_sdmmc.o(.text.SDMMC_CmdOperCond), (34 bytes).
    Removing stm32f4xx_ll_sdmmc.o(.ARM.exidx.text.SDMMC_CmdOperCond), (8 bytes).
    Removing stm32f4xx_ll_sdmmc.o(.text.SDMMC_GetCmdResp7), (76 bytes).
    Removing stm32f4xx_ll_sdmmc.o(.ARM.exidx.text.SDMMC_GetCmdResp7), (8 bytes).
    Removing stm32f4xx_ll_sdmmc.o(.text.SDMMC_CmdAppCommand), (38 bytes).
    Removing stm32f4xx_ll_sdmmc.o(.ARM.exidx.text.SDMMC_CmdAppCommand), (8 bytes).
    Removing stm32f4xx_ll_sdmmc.o(.text.SDMMC_CmdAppOperCommand), (40 bytes).
    Removing stm32f4xx_ll_sdmmc.o(.ARM.exidx.text.SDMMC_CmdAppOperCommand), (8 bytes).
    Removing stm32f4xx_ll_sdmmc.o(.text.SDMMC_GetCmdResp3), (56 bytes).
    Removing stm32f4xx_ll_sdmmc.o(.ARM.exidx.text.SDMMC_GetCmdResp3), (8 bytes).
    Removing stm32f4xx_ll_sdmmc.o(.text.SDMMC_CmdBusWidth), (32 bytes).
    Removing stm32f4xx_ll_sdmmc.o(.ARM.exidx.text.SDMMC_CmdBusWidth), (8 bytes).
    Removing stm32f4xx_ll_sdmmc.o(.text.SDMMC_CmdSendSCR), (40 bytes).
    Removing stm32f4xx_ll_sdmmc.o(.ARM.exidx.text.SDMMC_CmdSendSCR), (8 bytes).
    Removing stm32f4xx_ll_sdmmc.o(.text.SDMMC_CmdSendCID), (42 bytes).
    Removing stm32f4xx_ll_sdmmc.o(.ARM.exidx.text.SDMMC_CmdSendCID), (8 bytes).
    Removing stm32f4xx_ll_sdmmc.o(.text.SDMMC_GetCmdResp2), (72 bytes).
    Removing stm32f4xx_ll_sdmmc.o(.ARM.exidx.text.SDMMC_GetCmdResp2), (8 bytes).
    Removing stm32f4xx_ll_sdmmc.o(.text.SDMMC_CmdSendCSD), (44 bytes).
    Removing stm32f4xx_ll_sdmmc.o(.ARM.exidx.text.SDMMC_CmdSendCSD), (8 bytes).
    Removing stm32f4xx_ll_sdmmc.o(.text.SDMMC_CmdSetRelAdd), (42 bytes).
    Removing stm32f4xx_ll_sdmmc.o(.ARM.exidx.text.SDMMC_CmdSetRelAdd), (8 bytes).
    Removing stm32f4xx_ll_sdmmc.o(.text.SDMMC_GetCmdResp6), (132 bytes).
    Removing stm32f4xx_ll_sdmmc.o(.ARM.exidx.text.SDMMC_GetCmdResp6), (8 bytes).
    Removing stm32f4xx_ll_sdmmc.o(.text.SDMMC_CmdSetRelAddMmc), (40 bytes).
    Removing stm32f4xx_ll_sdmmc.o(.ARM.exidx.text.SDMMC_CmdSetRelAddMmc), (8 bytes).
    Removing stm32f4xx_ll_sdmmc.o(.text.SDMMC_CmdSendStatus), (38 bytes).
    Removing stm32f4xx_ll_sdmmc.o(.ARM.exidx.text.SDMMC_CmdSendStatus), (8 bytes).
    Removing stm32f4xx_ll_sdmmc.o(.text.SDMMC_CmdStatusRegister), (40 bytes).
    Removing stm32f4xx_ll_sdmmc.o(.ARM.exidx.text.SDMMC_CmdStatusRegister), (8 bytes).
    Removing stm32f4xx_ll_sdmmc.o(.text.SDMMC_CmdOpCondition), (32 bytes).
    Removing stm32f4xx_ll_sdmmc.o(.ARM.exidx.text.SDMMC_CmdOpCondition), (8 bytes).
    Removing stm32f4xx_ll_sdmmc.o(.text.SDMMC_CmdSwitch), (32 bytes).
    Removing stm32f4xx_ll_sdmmc.o(.ARM.exidx.text.SDMMC_CmdSwitch), (8 bytes).
    Removing stm32f4xx_ll_sdmmc.o(.text.SDMMC_CmdSendEXTCSD), (36 bytes).
    Removing stm32f4xx_ll_sdmmc.o(.ARM.exidx.text.SDMMC_CmdSendEXTCSD), (8 bytes).
    Removing stm32f4xx_ll_sdmmc.o(.text.OUTLINED_FUNCTION_0), (18 bytes).
    Removing stm32f4xx_ll_sdmmc.o(.ARM.exidx.text.OUTLINED_FUNCTION_0), (8 bytes).
    Removing stm32f4xx_ll_sdmmc.o(.text.OUTLINED_FUNCTION_1), (6 bytes).
    Removing stm32f4xx_ll_sdmmc.o(.ARM.exidx.text.OUTLINED_FUNCTION_1), (8 bytes).
    Removing stm32f4xx_ll_sdmmc.o(.text.OUTLINED_FUNCTION_2), (14 bytes).
    Removing stm32f4xx_ll_sdmmc.o(.ARM.exidx.text.OUTLINED_FUNCTION_2), (8 bytes).
    Removing stm32f4xx_ll_sdmmc.o(.text.OUTLINED_FUNCTION_3), (24 bytes).
    Removing stm32f4xx_ll_sdmmc.o(.ARM.exidx.text.OUTLINED_FUNCTION_3), (8 bytes).
    Removing stm32f4xx_ll_sdmmc.o(.text.OUTLINED_FUNCTION_4), (20 bytes).
    Removing stm32f4xx_ll_sdmmc.o(.ARM.exidx.text.OUTLINED_FUNCTION_4), (8 bytes).
    Removing stm32f4xx_ll_sdmmc.o(.text.OUTLINED_FUNCTION_5), (20 bytes).
    Removing stm32f4xx_ll_sdmmc.o(.ARM.exidx.text.OUTLINED_FUNCTION_5), (8 bytes).
    Removing stm32f4xx_ll_sdmmc.o(.text.OUTLINED_FUNCTION_6), (8 bytes).
    Removing stm32f4xx_ll_sdmmc.o(.ARM.exidx.text.OUTLINED_FUNCTION_6), (8 bytes).
    Removing stm32f4xx_ll_spi.o(.text), (0 bytes).
    Removing stm32f4xx_ll_tim.o(.text), (0 bytes).
    Removing stm32f4xx_ll_usart.o(.text), (0 bytes).
    Removing stm32f4xx_ll_usb.o(.text), (0 bytes).
    Removing stm32f4xx_ll_usb.o(.text.USB_CoreInit), (116 bytes).
    Removing stm32f4xx_ll_usb.o(.ARM.exidx.text.USB_CoreInit), (8 bytes).
    Removing stm32f4xx_ll_usb.o(.text.USB_CoreReset), (72 bytes).
    Removing stm32f4xx_ll_usb.o(.ARM.exidx.text.USB_CoreReset), (8 bytes).
    Removing stm32f4xx_ll_usb.o(.text.USB_SetTurnaroundTime), (240 bytes).
    Removing stm32f4xx_ll_usb.o(.ARM.exidx.text.USB_SetTurnaroundTime), (8 bytes).
    Removing stm32f4xx_ll_usb.o(.text.USB_EnableGlobalInt), (12 bytes).
    Removing stm32f4xx_ll_usb.o(.ARM.exidx.text.USB_EnableGlobalInt), (8 bytes).
    Removing stm32f4xx_ll_usb.o(.text.USB_DisableGlobalInt), (12 bytes).
    Removing stm32f4xx_ll_usb.o(.ARM.exidx.text.USB_DisableGlobalInt), (8 bytes).
    Removing stm32f4xx_ll_usb.o(.text.USB_SetCurrentMode), (98 bytes).
    Removing stm32f4xx_ll_usb.o(.ARM.exidx.text.USB_SetCurrentMode), (8 bytes).
    Removing stm32f4xx_ll_usb.o(.text.USB_GetMode), (8 bytes).
    Removing stm32f4xx_ll_usb.o(.ARM.exidx.text.USB_GetMode), (8 bytes).
    Removing stm32f4xx_ll_usb.o(.text.USB_DevInit), (372 bytes).
    Removing stm32f4xx_ll_usb.o(.ARM.exidx.text.USB_DevInit), (8 bytes).
    Removing stm32f4xx_ll_usb.o(.text.USB_SetDevSpeed), (14 bytes).
    Removing stm32f4xx_ll_usb.o(.ARM.exidx.text.USB_SetDevSpeed), (8 bytes).
    Removing stm32f4xx_ll_usb.o(.text.USB_FlushTxFifo), (72 bytes).
    Removing stm32f4xx_ll_usb.o(.ARM.exidx.text.USB_FlushTxFifo), (8 bytes).
    Removing stm32f4xx_ll_usb.o(.text.USB_FlushRxFifo), (68 bytes).
    Removing stm32f4xx_ll_usb.o(.ARM.exidx.text.USB_FlushRxFifo), (8 bytes).
    Removing stm32f4xx_ll_usb.o(.text.USB_GetDevSpeed), (30 bytes).
    Removing stm32f4xx_ll_usb.o(.ARM.exidx.text.USB_GetDevSpeed), (8 bytes).
    Removing stm32f4xx_ll_usb.o(.text.USB_ActivateEndpoint), (112 bytes).
    Removing stm32f4xx_ll_usb.o(.ARM.exidx.text.USB_ActivateEndpoint), (8 bytes).
    Removing stm32f4xx_ll_usb.o(.text.USB_ActivateDedicatedEndpoint), (88 bytes).
    Removing stm32f4xx_ll_usb.o(.ARM.exidx.text.USB_ActivateDedicatedEndpoint), (8 bytes).
    Removing stm32f4xx_ll_usb.o(.text.USB_DeactivateEndpoint), (108 bytes).
    Removing stm32f4xx_ll_usb.o(.ARM.exidx.text.USB_DeactivateEndpoint), (8 bytes).
    Removing stm32f4xx_ll_usb.o(.text.USB_DeactivateDedicatedEndpoint), (90 bytes).
    Removing stm32f4xx_ll_usb.o(.ARM.exidx.text.USB_DeactivateDedicatedEndpoint), (8 bytes).
    Removing stm32f4xx_ll_usb.o(.text.USB_EPStartXfer), (400 bytes).
    Removing stm32f4xx_ll_usb.o(.ARM.exidx.text.USB_EPStartXfer), (8 bytes).
    Removing stm32f4xx_ll_usb.o(.text.USB_WritePacket), (34 bytes).
    Removing stm32f4xx_ll_usb.o(.ARM.exidx.text.USB_WritePacket), (8 bytes).
    Removing stm32f4xx_ll_usb.o(.text.USB_EP0StartXfer), (240 bytes).
    Removing stm32f4xx_ll_usb.o(.ARM.exidx.text.USB_EP0StartXfer), (8 bytes).
    Removing stm32f4xx_ll_usb.o(.text.USB_EPStopXfer), (108 bytes).
    Removing stm32f4xx_ll_usb.o(.ARM.exidx.text.USB_EPStopXfer), (8 bytes).
    Removing stm32f4xx_ll_usb.o(.text.USB_ReadPacket), (54 bytes).
    Removing stm32f4xx_ll_usb.o(.ARM.exidx.text.USB_ReadPacket), (8 bytes).
    Removing stm32f4xx_ll_usb.o(.text.USB_EPSetStall), (54 bytes).
    Removing stm32f4xx_ll_usb.o(.ARM.exidx.text.USB_EPSetStall), (8 bytes).
    Removing stm32f4xx_ll_usb.o(.text.USB_EPClearStall), (48 bytes).
    Removing stm32f4xx_ll_usb.o(.ARM.exidx.text.USB_EPClearStall), (8 bytes).
    Removing stm32f4xx_ll_usb.o(.text.USB_StopDevice), (68 bytes).
    Removing stm32f4xx_ll_usb.o(.ARM.exidx.text.USB_StopDevice), (8 bytes).
    Removing stm32f4xx_ll_usb.o(.text.USB_SetDevAddress), (32 bytes).
    Removing stm32f4xx_ll_usb.o(.ARM.exidx.text.USB_SetDevAddress), (8 bytes).
    Removing stm32f4xx_ll_usb.o(.text.USB_DevConnect), (24 bytes).
    Removing stm32f4xx_ll_usb.o(.ARM.exidx.text.USB_DevConnect), (8 bytes).
    Removing stm32f4xx_ll_usb.o(.text.USB_DevDisconnect), (24 bytes).
    Removing stm32f4xx_ll_usb.o(.ARM.exidx.text.USB_DevDisconnect), (8 bytes).
    Removing stm32f4xx_ll_usb.o(.text.USB_ReadInterrupts), (8 bytes).
    Removing stm32f4xx_ll_usb.o(.ARM.exidx.text.USB_ReadInterrupts), (8 bytes).
    Removing stm32f4xx_ll_usb.o(.text.USB_ReadDevAllOutEpInterrupt), (14 bytes).
    Removing stm32f4xx_ll_usb.o(.ARM.exidx.text.USB_ReadDevAllOutEpInterrupt), (8 bytes).
    Removing stm32f4xx_ll_usb.o(.text.USB_ReadDevAllInEpInterrupt), (14 bytes).
    Removing stm32f4xx_ll_usb.o(.ARM.exidx.text.USB_ReadDevAllInEpInterrupt), (8 bytes).
    Removing stm32f4xx_ll_usb.o(.text.USB_ReadDevOutEPInterrupt), (16 bytes).
    Removing stm32f4xx_ll_usb.o(.ARM.exidx.text.USB_ReadDevOutEPInterrupt), (8 bytes).
    Removing stm32f4xx_ll_usb.o(.text.USB_ReadDevInEPInterrupt), (36 bytes).
    Removing stm32f4xx_ll_usb.o(.ARM.exidx.text.USB_ReadDevInEPInterrupt), (8 bytes).
    Removing stm32f4xx_ll_usb.o(.text.USB_ClearInterrupts), (8 bytes).
    Removing stm32f4xx_ll_usb.o(.ARM.exidx.text.USB_ClearInterrupts), (8 bytes).
    Removing stm32f4xx_ll_usb.o(.text.USB_ActivateSetup), (26 bytes).
    Removing stm32f4xx_ll_usb.o(.ARM.exidx.text.USB_ActivateSetup), (8 bytes).
    Removing stm32f4xx_ll_usb.o(.text.USB_EP0_OutStart), (88 bytes).
    Removing stm32f4xx_ll_usb.o(.ARM.exidx.text.USB_EP0_OutStart), (8 bytes).
    Removing stm32f4xx_ll_usb.o(.text.USB_HostInit), (204 bytes).
    Removing stm32f4xx_ll_usb.o(.ARM.exidx.text.USB_HostInit), (8 bytes).
    Removing stm32f4xx_ll_usb.o(.text.USB_InitFSLSPClkSel), (52 bytes).
    Removing stm32f4xx_ll_usb.o(.ARM.exidx.text.USB_InitFSLSPClkSel), (8 bytes).
    Removing stm32f4xx_ll_usb.o(.text.USB_ResetPort), (58 bytes).
    Removing stm32f4xx_ll_usb.o(.ARM.exidx.text.USB_ResetPort), (8 bytes).
    Removing stm32f4xx_ll_usb.o(.text.USB_DriveVbus), (68 bytes).
    Removing stm32f4xx_ll_usb.o(.ARM.exidx.text.USB_DriveVbus), (8 bytes).
    Removing stm32f4xx_ll_usb.o(.text.USB_GetHostSpeed), (22 bytes).
    Removing stm32f4xx_ll_usb.o(.ARM.exidx.text.USB_GetHostSpeed), (8 bytes).
    Removing stm32f4xx_ll_usb.o(.text.USB_GetCurrentFrame), (8 bytes).
    Removing stm32f4xx_ll_usb.o(.ARM.exidx.text.USB_GetCurrentFrame), (8 bytes).
    Removing stm32f4xx_ll_usb.o(.text.USB_HC_Init), (240 bytes).
    Removing stm32f4xx_ll_usb.o(.ARM.exidx.text.USB_HC_Init), (8 bytes).
    Removing stm32f4xx_ll_usb.o(.text.USB_HC_StartXfer), (340 bytes).
    Removing stm32f4xx_ll_usb.o(.ARM.exidx.text.USB_HC_StartXfer), (8 bytes).
    Removing stm32f4xx_ll_usb.o(.text.USB_DoPing), (32 bytes).
    Removing stm32f4xx_ll_usb.o(.ARM.exidx.text.USB_DoPing), (8 bytes).
    Removing stm32f4xx_ll_usb.o(.text.USB_HC_ReadInterrupt), (8 bytes).
    Removing stm32f4xx_ll_usb.o(.ARM.exidx.text.USB_HC_ReadInterrupt), (8 bytes).
    Removing stm32f4xx_ll_usb.o(.text.USB_HC_Halt), (132 bytes).
    Removing stm32f4xx_ll_usb.o(.ARM.exidx.text.USB_HC_Halt), (8 bytes).
    Removing stm32f4xx_ll_usb.o(.text.USB_StopHost), (132 bytes).
    Removing stm32f4xx_ll_usb.o(.ARM.exidx.text.USB_StopHost), (8 bytes).
    Removing stm32f4xx_ll_usb.o(.text.USB_ActivateRemoteWakeup), (24 bytes).
    Removing stm32f4xx_ll_usb.o(.ARM.exidx.text.USB_ActivateRemoteWakeup), (8 bytes).
    Removing stm32f4xx_ll_usb.o(.text.USB_DeActivateRemoteWakeup), (12 bytes).
    Removing stm32f4xx_ll_usb.o(.ARM.exidx.text.USB_DeActivateRemoteWakeup), (8 bytes).
    Removing stm32f4xx_ll_usb.o(.text.OUTLINED_FUNCTION_0), (22 bytes).
    Removing stm32f4xx_ll_usb.o(.ARM.exidx.text.OUTLINED_FUNCTION_0), (8 bytes).
    Removing stm32f4xx_ll_usb.o(.text.OUTLINED_FUNCTION_1), (8 bytes).
    Removing stm32f4xx_ll_usb.o(.ARM.exidx.text.OUTLINED_FUNCTION_1), (8 bytes).
    Removing stm32f4xx_ll_usb.o(.text.OUTLINED_FUNCTION_2), (18 bytes).
    Removing stm32f4xx_ll_usb.o(.ARM.exidx.text.OUTLINED_FUNCTION_2), (8 bytes).
    Removing stm32f4xx_ll_usb.o(.text.OUTLINED_FUNCTION_3), (18 bytes).
    Removing stm32f4xx_ll_usb.o(.ARM.exidx.text.OUTLINED_FUNCTION_3), (8 bytes).
    Removing stm32f4xx_ll_usb.o(.text.OUTLINED_FUNCTION_4), (16 bytes).
    Removing stm32f4xx_ll_usb.o(.ARM.exidx.text.OUTLINED_FUNCTION_4), (8 bytes).
    Removing stm32f4xx_ll_usb.o(.text.OUTLINED_FUNCTION_5), (16 bytes).
    Removing stm32f4xx_ll_usb.o(.ARM.exidx.text.OUTLINED_FUNCTION_5), (8 bytes).
    Removing stm32f4xx_ll_usb.o(.text.OUTLINED_FUNCTION_6), (22 bytes).
    Removing stm32f4xx_ll_usb.o(.ARM.exidx.text.OUTLINED_FUNCTION_6), (8 bytes).
    Removing stm32f4xx_ll_usb.o(.text.OUTLINED_FUNCTION_7), (10 bytes).
    Removing stm32f4xx_ll_usb.o(.ARM.exidx.text.OUTLINED_FUNCTION_7), (8 bytes).
    Removing stm32f4xx_ll_usb.o(.text.OUTLINED_FUNCTION_8), (14 bytes).
    Removing stm32f4xx_ll_usb.o(.ARM.exidx.text.OUTLINED_FUNCTION_8), (8 bytes).
    Removing stm32f4xx_ll_utils.o(.text), (0 bytes).
    Removing stm32f4xx_ll_utils.o(.text.LL_Init1msTick), (28 bytes).
    Removing stm32f4xx_ll_utils.o(.ARM.exidx.text.LL_Init1msTick), (8 bytes).
    Removing stm32f4xx_ll_utils.o(.text.LL_mDelay), (40 bytes).
    Removing stm32f4xx_ll_utils.o(.ARM.exidx.text.LL_mDelay), (8 bytes).
    Removing stm32f4xx_ll_utils.o(.text.LL_SetSystemCoreClock), (12 bytes).
    Removing stm32f4xx_ll_utils.o(.ARM.exidx.text.LL_SetSystemCoreClock), (8 bytes).
    Removing stm32f4xx_ll_utils.o(.text.LL_SetFlashLatency), (224 bytes).
    Removing stm32f4xx_ll_utils.o(.ARM.exidx.text.LL_SetFlashLatency), (8 bytes).
    Removing stm32f4xx_ll_utils.o(.text.LL_PLL_ConfigSystemClock_HSI), (80 bytes).
    Removing stm32f4xx_ll_utils.o(.ARM.exidx.text.LL_PLL_ConfigSystemClock_HSI), (8 bytes).
    Removing stm32f4xx_ll_utils.o(.text.UTILS_PLL_IsBusy), (24 bytes).
    Removing stm32f4xx_ll_utils.o(.ARM.exidx.text.UTILS_PLL_IsBusy), (8 bytes).
    Removing stm32f4xx_ll_utils.o(.text.UTILS_GetPLLOutputFrequency), (36 bytes).
    Removing stm32f4xx_ll_utils.o(.ARM.exidx.text.UTILS_GetPLLOutputFrequency), (8 bytes).
    Removing stm32f4xx_ll_utils.o(.text.UTILS_EnablePLLAndSwitchSystem), (148 bytes).
    Removing stm32f4xx_ll_utils.o(.ARM.exidx.text.UTILS_EnablePLLAndSwitchSystem), (8 bytes).
    Removing stm32f4xx_ll_utils.o(.text.LL_PLL_ConfigSystemClock_HSE), (100 bytes).
    Removing stm32f4xx_ll_utils.o(.ARM.exidx.text.LL_PLL_ConfigSystemClock_HSE), (8 bytes).
    Removing stm32f4xx_ll_utils.o(.text.OUTLINED_FUNCTION_0), (16 bytes).
    Removing stm32f4xx_ll_utils.o(.ARM.exidx.text.OUTLINED_FUNCTION_0), (8 bytes).
    Removing stm32f4xx_ll_utils.o(.text.OUTLINED_FUNCTION_1), (16 bytes).
    Removing stm32f4xx_ll_utils.o(.ARM.exidx.text.OUTLINED_FUNCTION_1), (8 bytes).

2435 unused section(s) (total 83498 bytes) removed from the image.

==============================================================================

Image Symbol Table

    Local Symbols

    Symbol Name                              Value     Ov Type        Size  Object(Section)

    ../clib/microlib/division.c              0x00000000   Number         0  uldiv.o ABSOLUTE
    ../clib/microlib/init/entry.s            0x00000000   Number         0  entry.o ABSOLUTE
    ../clib/microlib/init/entry.s            0x00000000   Number         0  entry2.o ABSOLUTE
    ../clib/microlib/init/entry.s            0x00000000   Number         0  entry5.o ABSOLUTE
    ../clib/microlib/init/entry.s            0x00000000   Number         0  entry7a.o ABSOLUTE
    ../clib/microlib/init/entry.s            0x00000000   Number         0  entry7b.o ABSOLUTE
    ../clib/microlib/init/entry.s            0x00000000   Number         0  entry8a.o ABSOLUTE
    ../clib/microlib/init/entry.s            0x00000000   Number         0  entry8b.o ABSOLUTE
    ../clib/microlib/init/entry.s            0x00000000   Number         0  entry9a.o ABSOLUTE
    ../clib/microlib/init/entry.s            0x00000000   Number         0  entry9b.o ABSOLUTE
    ../clib/microlib/init/entry.s            0x00000000   Number         0  entry10a.o ABSOLUTE
    ../clib/microlib/init/entry.s            0x00000000   Number         0  entry10b.o ABSOLUTE
    ../clib/microlib/init/entry.s            0x00000000   Number         0  entry11a.o ABSOLUTE
    ../clib/microlib/init/entry.s            0x00000000   Number         0  entry11b.o ABSOLUTE
    ../clib/microlib/longlong.c              0x00000000   Number         0  llshl.o ABSOLUTE
    ../clib/microlib/longlong.c              0x00000000   Number         0  llushr.o ABSOLUTE
    ../clib/microlib/string/memset.c         0x00000000   Number         0  memseta.o ABSOLUTE
    dc.s                                     0x00000000   Number         0  dc.o ABSOLUTE
    handlers.s                               0x00000000   Number         0  handlers.o ABSOLUTE
    init.s                                   0x00000000   Number         0  init.o ABSOLUTE
    main.c                                   0x00000000   Number         0  main.o ABSOLUTE
    startup_stm32f411xe.s                    0x00000000   Number         0  startup_stm32f411xe.o ABSOLUTE
    stm32f4xx_hal.c                          0x00000000   Number         0  stm32f4xx_hal.o ABSOLUTE
    stm32f4xx_hal_can.c                      0x00000000   Number         0  stm32f4xx_hal_can.o ABSOLUTE
    stm32f4xx_hal_cec.c                      0x00000000   Number         0  stm32f4xx_hal_cec.o ABSOLUTE
    stm32f4xx_hal_cortex.c                   0x00000000   Number         0  stm32f4xx_hal_cortex.o ABSOLUTE
    stm32f4xx_hal_crc.c                      0x00000000   Number         0  stm32f4xx_hal_crc.o ABSOLUTE
    stm32f4xx_hal_cryp.c                     0x00000000   Number         0  stm32f4xx_hal_cryp.o ABSOLUTE
    stm32f4xx_hal_cryp_ex.c                  0x00000000   Number         0  stm32f4xx_hal_cryp_ex.o ABSOLUTE
    stm32f4xx_hal_dac.c                      0x00000000   Number         0  stm32f4xx_hal_dac.o ABSOLUTE
    stm32f4xx_hal_dac_ex.c                   0x00000000   Number         0  stm32f4xx_hal_dac_ex.o ABSOLUTE
    stm32f4xx_hal_dcmi.c                     0x00000000   Number         0  stm32f4xx_hal_dcmi.o ABSOLUTE
    stm32f4xx_hal_dcmi_ex.c                  0x00000000   Number         0  stm32f4xx_hal_dcmi_ex.o ABSOLUTE
    stm32f4xx_hal_dfsdm.c                    0x00000000   Number         0  stm32f4xx_hal_dfsdm.o ABSOLUTE
    stm32f4xx_hal_dma.c                      0x00000000   Number         0  stm32f4xx_hal_dma.o ABSOLUTE
    stm32f4xx_hal_dma2d.c                    0x00000000   Number         0  stm32f4xx_hal_dma2d.o ABSOLUTE
    stm32f4xx_hal_dma_ex.c                   0x00000000   Number         0  stm32f4xx_hal_dma_ex.o ABSOLUTE
    stm32f4xx_hal_dsi.c                      0x00000000   Number         0  stm32f4xx_hal_dsi.o ABSOLUTE
    stm32f4xx_hal_eth.c                      0x00000000   Number         0  stm32f4xx_hal_eth.o ABSOLUTE
    stm32f4xx_hal_exti.c                     0x00000000   Number         0  stm32f4xx_hal_exti.o ABSOLUTE
    stm32f4xx_hal_gpio.c                     0x00000000   Number         0  stm32f4xx_hal_gpio.o ABSOLUTE
    stm32f4xx_hal_hcd.c                      0x00000000   Number         0  stm32f4xx_hal_hcd.o ABSOLUTE
    stm32f4xx_hal_i2c.c                      0x00000000   Number         0  stm32f4xx_hal_i2c.o ABSOLUTE
    stm32f4xx_hal_i2c_ex.c                   0x00000000   Number         0  stm32f4xx_hal_i2c_ex.o ABSOLUTE
    stm32f4xx_hal_i2s.c                      0x00000000   Number         0  stm32f4xx_hal_i2s.o ABSOLUTE
    stm32f4xx_hal_i2s_ex.c                   0x00000000   Number         0  stm32f4xx_hal_i2s_ex.o ABSOLUTE
    stm32f4xx_hal_irda.c                     0x00000000   Number         0  stm32f4xx_hal_irda.o ABSOLUTE
    stm32f4xx_hal_ltdc.c                     0x00000000   Number         0  stm32f4xx_hal_ltdc.o ABSOLUTE
    stm32f4xx_hal_msp.c                      0x00000000   Number         0  stm32f4xx_hal_msp.o ABSOLUTE
    stm32f4xx_hal_pwr.c                      0x00000000   Number         0  stm32f4xx_hal_pwr.o ABSOLUTE
    stm32f4xx_hal_pwr_ex.c                   0x00000000   Number         0  stm32f4xx_hal_pwr_ex.o ABSOLUTE
    stm32f4xx_hal_qspi.c                     0x00000000   Number         0  stm32f4xx_hal_qspi.o ABSOLUTE
    stm32f4xx_hal_rcc.c                      0x00000000   Number         0  stm32f4xx_hal_rcc.o ABSOLUTE
    stm32f4xx_hal_rcc_ex.c                   0x00000000   Number         0  stm32f4xx_hal_rcc_ex.o ABSOLUTE
    stm32f4xx_hal_rng.c                      0x00000000   Number         0  stm32f4xx_hal_rng.o ABSOLUTE
    stm32f4xx_hal_rtc.c                      0x00000000   Number         0  stm32f4xx_hal_rtc.o ABSOLUTE
    stm32f4xx_hal_rtc_ex.c                   0x00000000   Number         0  stm32f4xx_hal_rtc_ex.o ABSOLUTE
    stm32f4xx_hal_sai.c                      0x00000000   Number         0  stm32f4xx_hal_sai.o ABSOLUTE
    stm32f4xx_hal_sai_ex.c                   0x00000000   Number         0  stm32f4xx_hal_sai_ex.o ABSOLUTE
    stm32f4xx_hal_sd.c                       0x00000000   Number         0  stm32f4xx_hal_sd.o ABSOLUTE
    stm32f4xx_hal_spi.c                      0x00000000   Number         0  stm32f4xx_hal_spi.o ABSOLUTE
    stm32f4xx_hal_sram.c                     0x00000000   Number         0  stm32f4xx_hal_sram.o ABSOLUTE
    stm32f4xx_hal_tim.c                      0x00000000   Number         0  stm32f4xx_hal_tim.o ABSOLUTE
    stm32f4xx_hal_tim_ex.c                   0x00000000   Number         0  stm32f4xx_hal_tim_ex.o ABSOLUTE
    stm32f4xx_hal_uart.c                     0x00000000   Number         0  stm32f4xx_hal_uart.o ABSOLUTE
    stm32f4xx_hal_usart.c                    0x00000000   Number         0  stm32f4xx_hal_usart.o ABSOLUTE
    stm32f4xx_hal_wwdg.c                     0x00000000   Number         0  stm32f4xx_hal_wwdg.o ABSOLUTE
    stm32f4xx_it.c                           0x00000000   Number         0  stm32f4xx_it.o ABSOLUTE
    stm32f4xx_ll_adc.c                       0x00000000   Number         0  stm32f4xx_ll_adc.o ABSOLUTE
    stm32f4xx_ll_crc.c                       0x00000000   Number         0  stm32f4xx_ll_crc.o ABSOLUTE
    stm32f4xx_ll_dac.c                       0x00000000   Number         0  stm32f4xx_ll_dac.o ABSOLUTE
    stm32f4xx_ll_dma.c                       0x00000000   Number         0  stm32f4xx_ll_dma.o ABSOLUTE
    stm32f4xx_ll_dma2d.c                     0x00000000   Number         0  stm32f4xx_ll_dma2d.o ABSOLUTE
    stm32f4xx_ll_exti.c                      0x00000000   Number         0  stm32f4xx_ll_exti.o ABSOLUTE
    stm32f4xx_ll_fsmc.c                      0x00000000   Number         0  stm32f4xx_ll_fsmc.o ABSOLUTE
    stm32f4xx_ll_gpio.c                      0x00000000   Number         0  stm32f4xx_ll_gpio.o ABSOLUTE
    stm32f4xx_ll_i2c.c                       0x00000000   Number         0  stm32f4xx_ll_i2c.o ABSOLUTE
    stm32f4xx_ll_lptim.c                     0x00000000   Number         0  stm32f4xx_ll_lptim.o ABSOLUTE
    stm32f4xx_ll_pwr.c                       0x00000000   Number         0  stm32f4xx_ll_pwr.o ABSOLUTE
    stm32f4xx_ll_rcc.c                       0x00000000   Number         0  stm32f4xx_ll_rcc.o ABSOLUTE
    stm32f4xx_ll_rng.c                       0x00000000   Number         0  stm32f4xx_ll_rng.o ABSOLUTE
    stm32f4xx_ll_rtc.c                       0x00000000   Number         0  stm32f4xx_ll_rtc.o ABSOLUTE
    stm32f4xx_ll_sdmmc.c                     0x00000000   Number         0  stm32f4xx_ll_sdmmc.o ABSOLUTE
    stm32f4xx_ll_spi.c                       0x00000000   Number         0  stm32f4xx_ll_spi.o ABSOLUTE
    stm32f4xx_ll_tim.c                       0x00000000   Number         0  stm32f4xx_ll_tim.o ABSOLUTE
    stm32f4xx_ll_usart.c                     0x00000000   Number         0  stm32f4xx_ll_usart.o ABSOLUTE
    stm32f4xx_ll_usb.c                       0x00000000   Number         0  stm32f4xx_ll_usb.o ABSOLUTE
    stm32f4xx_ll_utils.c                     0x00000000   Number         0  stm32f4xx_ll_utils.o ABSOLUTE
    system_stm32f4xx.c                       0x00000000   Number         0  system_stm32f4xx.o ABSOLUTE
    RESET                                    0x08000000   Section      408  startup_stm32f411xe.o(RESET)
    .ARM.Collect$$$$00000000                 0x08000198   Section        0  entry.o(.ARM.Collect$$$$00000000)
    .ARM.Collect$$$$00000001                 0x08000198   Section        4  entry2.o(.ARM.Collect$$$$00000001)
    .ARM.Collect$$$$00000004                 0x0800019c   Section        4  entry5.o(.ARM.Collect$$$$00000004)
    .ARM.Collect$$$$00000008                 0x080001a0   Section        0  entry7b.o(.ARM.Collect$$$$00000008)
    .ARM.Collect$$$$0000000A                 0x080001a0   Section        0  entry8b.o(.ARM.Collect$$$$0000000A)
    .ARM.Collect$$$$0000000B                 0x080001a0   Section        8  entry9a.o(.ARM.Collect$$$$0000000B)
    __lit__00000000                          0x080001a8   Data           4  entry2.o(.ARM.Collect$$$$00002712)
    .ARM.Collect$$$$0000000D                 0x080001a8   Section        0  entry10a.o(.ARM.Collect$$$$0000000D)
    .ARM.Collect$$$$0000000F                 0x080001a8   Section        0  entry11a.o(.ARM.Collect$$$$0000000F)
    .ARM.Collect$$$$00002712                 0x080001a8   Section        4  entry2.o(.ARM.Collect$$$$00002712)
    $v0                                      0x080001ac   Number         0  startup_stm32f411xe.o(.text)
    .text                                    0x080001ac   Section       36  startup_stm32f411xe.o(.text)
    .text                                    0x080001d0   Section        0  uldiv.o(.text)
    .text                                    0x08000232   Section        0  llshl.o(.text)
    .text                                    0x08000250   Section        0  llushr.o(.text)
    .text                                    0x08000270   Section       36  init.o(.text)
    [Anonymous Symbol]                       0x08000294   Section        0  stm32f4xx_it.o(.text.BusFault_Handler)
    [Anonymous Symbol]                       0x08000296   Section        0  stm32f4xx_it.o(.text.DebugMon_Handler)
    [Anonymous Symbol]                       0x08000298   Section        0  stm32f4xx_hal.o(.text.HAL_Delay)
    [Anonymous Symbol]                       0x080002b8   Section        0  stm32f4xx_hal_gpio.o(.text.HAL_GPIO_Init)
    __arm_cp.0_0                             0x0800044c   Number         4  stm32f4xx_hal_gpio.o(.text.HAL_GPIO_Init)
    __arm_cp.0_1                             0x08000450   Number         4  stm32f4xx_hal_gpio.o(.text.HAL_GPIO_Init)
    __arm_cp.0_2                             0x08000454   Number         4  stm32f4xx_hal_gpio.o(.text.HAL_GPIO_Init)
    __arm_cp.0_3                             0x08000458   Number         4  stm32f4xx_hal_gpio.o(.text.HAL_GPIO_Init)
    __arm_cp.0_4                             0x0800045c   Number         4  stm32f4xx_hal_gpio.o(.text.HAL_GPIO_Init)
    __arm_cp.0_5                             0x08000460   Number         4  stm32f4xx_hal_gpio.o(.text.HAL_GPIO_Init)
    [Anonymous Symbol]                       0x08000464   Section        0  stm32f4xx_hal_gpio.o(.text.HAL_GPIO_TogglePin)
    [Anonymous Symbol]                       0x08000474   Section        0  stm32f4xx_hal_gpio.o(.text.HAL_GPIO_WritePin)
    [Anonymous Symbol]                       0x08000480   Section        0  stm32f4xx_hal.o(.text.HAL_GetTick)
    [Anonymous Symbol]                       0x08000488   Section        0  stm32f4xx_hal.o(.text.HAL_IncTick)
    __arm_cp.5_1                             0x08000498   Number         4  stm32f4xx_hal.o(.text.HAL_IncTick)
    [Anonymous Symbol]                       0x0800049c   Section        0  stm32f4xx_hal.o(.text.HAL_Init)
    __arm_cp.0_0                             0x080004cc   Number         4  stm32f4xx_hal.o(.text.HAL_Init)
    [Anonymous Symbol]                       0x080004d0   Section        0  stm32f4xx_hal.o(.text.HAL_InitTick)
    __arm_cp.1_0                             0x08000508   Number         4  stm32f4xx_hal.o(.text.HAL_InitTick)
    [Anonymous Symbol]                       0x0800050c   Section        0  stm32f4xx_hal_msp.o(.text.HAL_MspInit)
    [Anonymous Symbol]                       0x08000510   Section        0  stm32f4xx_hal_cortex.o(.text.HAL_NVIC_SetPriority)
    [Anonymous Symbol]                       0x08000548   Section        0  stm32f4xx_hal_cortex.o(.text.HAL_NVIC_SetPriorityGrouping)
    __arm_cp.0_0                             0x08000560   Number         4  stm32f4xx_hal_cortex.o(.text.HAL_NVIC_SetPriorityGrouping)
    __arm_cp.0_1                             0x08000564   Number         4  stm32f4xx_hal_cortex.o(.text.HAL_NVIC_SetPriorityGrouping)
    [Anonymous Symbol]                       0x08000568   Section        0  stm32f4xx_hal_rcc.o(.text.HAL_RCC_ClockConfig)
    __arm_cp.2_0                             0x08000670   Number         4  stm32f4xx_hal_rcc.o(.text.HAL_RCC_ClockConfig)
    __arm_cp.2_1                             0x08000674   Number         4  stm32f4xx_hal_rcc.o(.text.HAL_RCC_ClockConfig)
    __arm_cp.2_2                             0x08000678   Number         4  stm32f4xx_hal_rcc.o(.text.HAL_RCC_ClockConfig)
    __arm_cp.2_3                             0x0800067c   Number         4  stm32f4xx_hal_rcc.o(.text.HAL_RCC_ClockConfig)
    [Anonymous Symbol]                       0x08000680   Section        0  stm32f4xx_hal_rcc.o(.text.HAL_RCC_GetSysClockFreq)
    __arm_cp.3_0                             0x080006d0   Number         4  stm32f4xx_hal_rcc.o(.text.HAL_RCC_GetSysClockFreq)
    __arm_cp.3_1                             0x080006d4   Number         4  stm32f4xx_hal_rcc.o(.text.HAL_RCC_GetSysClockFreq)
    __arm_cp.3_2                             0x080006d8   Number         4  stm32f4xx_hal_rcc.o(.text.HAL_RCC_GetSysClockFreq)
    [Anonymous Symbol]                       0x080006dc   Section        0  stm32f4xx_hal_rcc.o(.text.HAL_RCC_OscConfig)
    __arm_cp.1_1                             0x080009f4   Number         4  stm32f4xx_hal_rcc.o(.text.HAL_RCC_OscConfig)
    __arm_cp.1_3                             0x080009f8   Number         4  stm32f4xx_hal_rcc.o(.text.HAL_RCC_OscConfig)
    [Anonymous Symbol]                       0x080009fc   Section        0  stm32f4xx_hal_cortex.o(.text.HAL_SYSTICK_Config)
    __arm_cp.7_0                             0x08000a1c   Number         4  stm32f4xx_hal_cortex.o(.text.HAL_SYSTICK_Config)
    __arm_cp.7_1                             0x08000a20   Number         4  stm32f4xx_hal_cortex.o(.text.HAL_SYSTICK_Config)
    [Anonymous Symbol]                       0x08000a24   Section        0  stm32f4xx_it.o(.text.HardFault_Handler)
    [Anonymous Symbol]                       0x08000a26   Section        0  stm32f4xx_it.o(.text.MemManage_Handler)
    [Anonymous Symbol]                       0x08000a28   Section        0  stm32f4xx_it.o(.text.NMI_Handler)
    OUTLINED_FUNCTION_0                      0x08000a2b   Thumb Code    12  stm32f4xx_hal_rcc.o(.text.OUTLINED_FUNCTION_0)
    [Anonymous Symbol]                       0x08000a2a   Section        0  stm32f4xx_hal_rcc.o(.text.OUTLINED_FUNCTION_0)
    OUTLINED_FUNCTION_2                      0x08000a37   Thumb Code    10  stm32f4xx_hal_rcc.o(.text.OUTLINED_FUNCTION_2)
    [Anonymous Symbol]                       0x08000a36   Section        0  stm32f4xx_hal_rcc.o(.text.OUTLINED_FUNCTION_2)
    [Anonymous Symbol]                       0x08000a40   Section        0  stm32f4xx_it.o(.text.PendSV_Handler)
    [Anonymous Symbol]                       0x08000a42   Section        0  stm32f4xx_it.o(.text.SVC_Handler)
    [Anonymous Symbol]                       0x08000a44   Section        0  stm32f4xx_it.o(.text.SysTick_Handler)
    [Anonymous Symbol]                       0x08000a48   Section        0  system_stm32f4xx.o(.text.SystemInit)
    __arm_cp.0_0                             0x08000a84   Number         4  system_stm32f4xx.o(.text.SystemInit)
    __arm_cp.0_1                             0x08000a88   Number         4  system_stm32f4xx.o(.text.SystemInit)
    __arm_cp.0_2                             0x08000a8c   Number         4  system_stm32f4xx.o(.text.SystemInit)
    __arm_cp.0_3                             0x08000a90   Number         4  system_stm32f4xx.o(.text.SystemInit)
    [Anonymous Symbol]                       0x08000a94   Section        0  stm32f4xx_it.o(.text.UsageFault_Handler)
    __NVIC_SetPriority                       0x08000a99   Thumb Code    28  stm32f4xx_hal_cortex.o(.text.__NVIC_SetPriority)
    [Anonymous Symbol]                       0x08000a98   Section        0  stm32f4xx_hal_cortex.o(.text.__NVIC_SetPriority)
    __arm_cp.2_0                             0x08000ab4   Number         4  stm32f4xx_hal_cortex.o(.text.__NVIC_SetPriority)
    __arm_cp.2_1                             0x08000ab8   Number         4  stm32f4xx_hal_cortex.o(.text.__NVIC_SetPriority)
    [Anonymous Symbol]                       0x08000abc   Section        0  main.o(.text.main)
    __arm_cp.0_0                             0x08000b88   Number         4  main.o(.text.main)
    __arm_cp.0_1                             0x08000b8c   Number         4  main.o(.text.main)
    i.__scatterload_copy                     0x08000b90   Section       14  handlers.o(i.__scatterload_copy)
    i.__scatterload_null                     0x08000b9e   Section        2  handlers.o(i.__scatterload_null)
    i.__scatterload_zeroinit                 0x08000ba0   Section       14  handlers.o(i.__scatterload_zeroinit)
    [Anonymous Symbol]                       0x20000000   Section        0  stm32f4xx_hal.o(.data..L_MergedGlobals)
    STACK                                    0x20000018   Section     1024  startup_stm32f411xe.o(STACK)

    Global Symbols

    Symbol Name                              Value     Ov Type        Size  Object(Section)

    BuildAttributes$$THM_ISAv4$E$P$D$K$B$S$7EM$VFPi3$EXTD16$VFPS$VFMA$PE$A:L22UL41UL21$X:L11$S22US41US21$IEEE1$IW$~IW$USESV6$~STKCKD$USESV7$~SHL$OSPACE$EBA8$MICROLIB$REQ8$PRES8$EABIv2 0x00000000   Number         0  anon$$obj.o ABSOLUTE
    __cpp_initialize__aeabi_                  - Undefined Weak Reference
    __cxa_finalize                            - Undefined Weak Reference
    __decompress                              - Undefined Weak Reference
    _clock_init                               - Undefined Weak Reference
    _microlib_exit                            - Undefined Weak Reference
    __Vectors_Size                           0x00000198   Number         0  startup_stm32f411xe.o ABSOLUTE
    __Vectors                                0x08000000   Data           4  startup_stm32f411xe.o(RESET)
    __Vectors_End                            0x08000198   Data           0  startup_stm32f411xe.o(RESET)
    __main                                   0x08000199   Thumb Code     0  entry.o(.ARM.Collect$$$$00000000)
    _main_stk                                0x08000199   Thumb Code     0  entry2.o(.ARM.Collect$$$$00000001)
    _main_scatterload                        0x0800019d   Thumb Code     0  entry5.o(.ARM.Collect$$$$00000004)
    __main_after_scatterload                 0x080001a1   Thumb Code     0  entry5.o(.ARM.Collect$$$$00000004)
    _main_clock                              0x080001a1   Thumb Code     0  entry7b.o(.ARM.Collect$$$$00000008)
    _main_cpp_init                           0x080001a1   Thumb Code     0  entry8b.o(.ARM.Collect$$$$0000000A)
    _main_init                               0x080001a1   Thumb Code     0  entry9a.o(.ARM.Collect$$$$0000000B)
    __rt_final_cpp                           0x080001a9   Thumb Code     0  entry10a.o(.ARM.Collect$$$$0000000D)
    __rt_final_exit                          0x080001a9   Thumb Code     0  entry11a.o(.ARM.Collect$$$$0000000F)
    Reset_Handler                            0x080001ad   Thumb Code     8  startup_stm32f411xe.o(.text)
    ADC_IRQHandler                           0x080001c7   Thumb Code     0  startup_stm32f411xe.o(.text)
    DMA1_Stream0_IRQHandler                  0x080001c7   Thumb Code     0  startup_stm32f411xe.o(.text)
    DMA1_Stream1_IRQHandler                  0x080001c7   Thumb Code     0  startup_stm32f411xe.o(.text)
    DMA1_Stream2_IRQHandler                  0x080001c7   Thumb Code     0  startup_stm32f411xe.o(.text)
    DMA1_Stream3_IRQHandler                  0x080001c7   Thumb Code     0  startup_stm32f411xe.o(.text)
    DMA1_Stream4_IRQHandler                  0x080001c7   Thumb Code     0  startup_stm32f411xe.o(.text)
    DMA1_Stream5_IRQHandler                  0x080001c7   Thumb Code     0  startup_stm32f411xe.o(.text)
    DMA1_Stream6_IRQHandler                  0x080001c7   Thumb Code     0  startup_stm32f411xe.o(.text)
    DMA1_Stream7_IRQHandler                  0x080001c7   Thumb Code     0  startup_stm32f411xe.o(.text)
    DMA2_Stream0_IRQHandler                  0x080001c7   Thumb Code     0  startup_stm32f411xe.o(.text)
    DMA2_Stream1_IRQHandler                  0x080001c7   Thumb Code     0  startup_stm32f411xe.o(.text)
    DMA2_Stream2_IRQHandler                  0x080001c7   Thumb Code     0  startup_stm32f411xe.o(.text)
    DMA2_Stream3_IRQHandler                  0x080001c7   Thumb Code     0  startup_stm32f411xe.o(.text)
    DMA2_Stream4_IRQHandler                  0x080001c7   Thumb Code     0  startup_stm32f411xe.o(.text)
    DMA2_Stream5_IRQHandler                  0x080001c7   Thumb Code     0  startup_stm32f411xe.o(.text)
    DMA2_Stream6_IRQHandler                  0x080001c7   Thumb Code     0  startup_stm32f411xe.o(.text)
    DMA2_Stream7_IRQHandler                  0x080001c7   Thumb Code     0  startup_stm32f411xe.o(.text)
    EXTI0_IRQHandler                         0x080001c7   Thumb Code     0  startup_stm32f411xe.o(.text)
    EXTI15_10_IRQHandler                     0x080001c7   Thumb Code     0  startup_stm32f411xe.o(.text)
    EXTI1_IRQHandler                         0x080001c7   Thumb Code     0  startup_stm32f411xe.o(.text)
    EXTI2_IRQHandler                         0x080001c7   Thumb Code     0  startup_stm32f411xe.o(.text)
    EXTI3_IRQHandler                         0x080001c7   Thumb Code     0  startup_stm32f411xe.o(.text)
    EXTI4_IRQHandler                         0x080001c7   Thumb Code     0  startup_stm32f411xe.o(.text)
    EXTI9_5_IRQHandler                       0x080001c7   Thumb Code     0  startup_stm32f411xe.o(.text)
    FLASH_IRQHandler                         0x080001c7   Thumb Code     0  startup_stm32f411xe.o(.text)
    FPU_IRQHandler                           0x080001c7   Thumb Code     0  startup_stm32f411xe.o(.text)
    I2C1_ER_IRQHandler                       0x080001c7   Thumb Code     0  startup_stm32f411xe.o(.text)
    I2C1_EV_IRQHandler                       0x080001c7   Thumb Code     0  startup_stm32f411xe.o(.text)
    I2C2_ER_IRQHandler                       0x080001c7   Thumb Code     0  startup_stm32f411xe.o(.text)
    I2C2_EV_IRQHandler                       0x080001c7   Thumb Code     0  startup_stm32f411xe.o(.text)
    I2C3_ER_IRQHandler                       0x080001c7   Thumb Code     0  startup_stm32f411xe.o(.text)
    I2C3_EV_IRQHandler                       0x080001c7   Thumb Code     0  startup_stm32f411xe.o(.text)
    OTG_FS_IRQHandler                        0x080001c7   Thumb Code     0  startup_stm32f411xe.o(.text)
    OTG_FS_WKUP_IRQHandler                   0x080001c7   Thumb Code     0  startup_stm32f411xe.o(.text)
    PVD_IRQHandler                           0x080001c7   Thumb Code     0  startup_stm32f411xe.o(.text)
    RCC_IRQHandler                           0x080001c7   Thumb Code     0  startup_stm32f411xe.o(.text)
    RTC_Alarm_IRQHandler                     0x080001c7   Thumb Code     0  startup_stm32f411xe.o(.text)
    RTC_WKUP_IRQHandler                      0x080001c7   Thumb Code     0  startup_stm32f411xe.o(.text)
    SDIO_IRQHandler                          0x080001c7   Thumb Code     0  startup_stm32f411xe.o(.text)
    SPI1_IRQHandler                          0x080001c7   Thumb Code     0  startup_stm32f411xe.o(.text)
    SPI2_IRQHandler                          0x080001c7   Thumb Code     0  startup_stm32f411xe.o(.text)
    SPI3_IRQHandler                          0x080001c7   Thumb Code     0  startup_stm32f411xe.o(.text)
    SPI4_IRQHandler                          0x080001c7   Thumb Code     0  startup_stm32f411xe.o(.text)
    SPI5_IRQHandler                          0x080001c7   Thumb Code     0  startup_stm32f411xe.o(.text)
    TAMP_STAMP_IRQHandler                    0x080001c7   Thumb Code     0  startup_stm32f411xe.o(.text)
    TIM1_BRK_TIM9_IRQHandler                 0x080001c7   Thumb Code     0  startup_stm32f411xe.o(.text)
    TIM1_CC_IRQHandler                       0x080001c7   Thumb Code     0  startup_stm32f411xe.o(.text)
    TIM1_TRG_COM_TIM11_IRQHandler            0x080001c7   Thumb Code     0  startup_stm32f411xe.o(.text)
    TIM1_UP_TIM10_IRQHandler                 0x080001c7   Thumb Code     0  startup_stm32f411xe.o(.text)
    TIM2_IRQHandler                          0x080001c7   Thumb Code     0  startup_stm32f411xe.o(.text)
    TIM3_IRQHandler                          0x080001c7   Thumb Code     0  startup_stm32f411xe.o(.text)
    TIM4_IRQHandler                          0x080001c7   Thumb Code     0  startup_stm32f411xe.o(.text)
    TIM5_IRQHandler                          0x080001c7   Thumb Code     0  startup_stm32f411xe.o(.text)
    USART1_IRQHandler                        0x080001c7   Thumb Code     0  startup_stm32f411xe.o(.text)
    USART2_IRQHandler                        0x080001c7   Thumb Code     0  startup_stm32f411xe.o(.text)
    USART6_IRQHandler                        0x080001c7   Thumb Code     0  startup_stm32f411xe.o(.text)
    WWDG_IRQHandler                          0x080001c7   Thumb Code     0  startup_stm32f411xe.o(.text)
    __aeabi_uldivmod                         0x080001d1   Thumb Code    98  uldiv.o(.text)
    __aeabi_llsl                             0x08000233   Thumb Code    30  llshl.o(.text)
    _ll_shift_l                              0x08000233   Thumb Code     0  llshl.o(.text)
    __aeabi_llsr                             0x08000251   Thumb Code    32  llushr.o(.text)
    _ll_ushift_r                             0x08000251   Thumb Code     0  llushr.o(.text)
    __scatterload                            0x08000271   Thumb Code    28  init.o(.text)
    __scatterload_rt2                        0x08000271   Thumb Code     0  init.o(.text)
    BusFault_Handler                         0x08000295   Thumb Code     2  stm32f4xx_it.o(.text.BusFault_Handler)
    DebugMon_Handler                         0x08000297   Thumb Code     2  stm32f4xx_it.o(.text.DebugMon_Handler)
    HAL_Delay                                0x08000299   Thumb Code    32  stm32f4xx_hal.o(.text.HAL_Delay)
    HAL_GPIO_Init                            0x080002b9   Thumb Code   404  stm32f4xx_hal_gpio.o(.text.HAL_GPIO_Init)
    HAL_GPIO_TogglePin                       0x08000465   Thumb Code    16  stm32f4xx_hal_gpio.o(.text.HAL_GPIO_TogglePin)
    HAL_GPIO_WritePin                        0x08000475   Thumb Code    10  stm32f4xx_hal_gpio.o(.text.HAL_GPIO_WritePin)
    HAL_GetTick                              0x08000481   Thumb Code     8  stm32f4xx_hal.o(.text.HAL_GetTick)
    HAL_IncTick                              0x08000489   Thumb Code    16  stm32f4xx_hal.o(.text.HAL_IncTick)
    HAL_Init                                 0x0800049d   Thumb Code    48  stm32f4xx_hal.o(.text.HAL_Init)
    HAL_InitTick                             0x080004d1   Thumb Code    56  stm32f4xx_hal.o(.text.HAL_InitTick)
    HAL_MspInit                              0x0800050d   Thumb Code     2  stm32f4xx_hal_msp.o(.text.HAL_MspInit)
    HAL_NVIC_SetPriority                     0x08000511   Thumb Code    56  stm32f4xx_hal_cortex.o(.text.HAL_NVIC_SetPriority)
    HAL_NVIC_SetPriorityGrouping             0x08000549   Thumb Code    24  stm32f4xx_hal_cortex.o(.text.HAL_NVIC_SetPriorityGrouping)
    HAL_RCC_ClockConfig                      0x08000569   Thumb Code   264  stm32f4xx_hal_rcc.o(.text.HAL_RCC_ClockConfig)
    HAL_RCC_GetSysClockFreq                  0x08000681   Thumb Code    80  stm32f4xx_hal_rcc.o(.text.HAL_RCC_GetSysClockFreq)
    HAL_RCC_OscConfig                        0x080006dd   Thumb Code   792  stm32f4xx_hal_rcc.o(.text.HAL_RCC_OscConfig)
    HAL_SYSTICK_Config                       0x080009fd   Thumb Code    32  stm32f4xx_hal_cortex.o(.text.HAL_SYSTICK_Config)
    HardFault_Handler                        0x08000a25   Thumb Code     2  stm32f4xx_it.o(.text.HardFault_Handler)
    MemManage_Handler                        0x08000a27   Thumb Code     2  stm32f4xx_it.o(.text.MemManage_Handler)
    NMI_Handler                              0x08000a29   Thumb Code     2  stm32f4xx_it.o(.text.NMI_Handler)
    PendSV_Handler                           0x08000a41   Thumb Code     2  stm32f4xx_it.o(.text.PendSV_Handler)
    SVC_Handler                              0x08000a43   Thumb Code     2  stm32f4xx_it.o(.text.SVC_Handler)
    SysTick_Handler                          0x08000a45   Thumb Code     4  stm32f4xx_it.o(.text.SysTick_Handler)
    SystemInit                               0x08000a49   Thumb Code    60  system_stm32f4xx.o(.text.SystemInit)
    UsageFault_Handler                       0x08000a95   Thumb Code     2  stm32f4xx_it.o(.text.UsageFault_Handler)
    main                                     0x08000abd   Thumb Code   204  main.o(.text.main)
    __scatterload_copy                       0x08000b91   Thumb Code    14  handlers.o(i.__scatterload_copy)
    __scatterload_null                       0x08000b9f   Thumb Code     2  handlers.o(i.__scatterload_null)
    __scatterload_zeroinit                   0x08000ba1   Thumb Code    14  handlers.o(i.__scatterload_zeroinit)
    AHBPrescTable                            0x08000bae   Data          16  system_stm32f4xx.o(.rodata.AHBPrescTable)
    Region$$Table$$Base                      0x08000bc0   Number         0  anon$$obj.o(Region$$Table)
    Region$$Table$$Limit                     0x08000be0   Number         0  anon$$obj.o(Region$$Table)
    uwTickFreq                               0x20000000   Data           1  stm32f4xx_hal.o(.data..L_MergedGlobals)
    uwTickPrio                               0x20000004   Data           4  stm32f4xx_hal.o(.data..L_MergedGlobals)
    SystemCoreClock                          0x20000008   Data           4  system_stm32f4xx.o(.data.SystemCoreClock)
    uwTick                                   0x20000010   Data           4  stm32f4xx_hal.o(.bss.uwTick)
    __initial_sp                             0x20000418   Data           0  startup_stm32f411xe.o(STACK)



==============================================================================

Memory Map of the image

  Image Entry point : 0x08000199

  Load Region LR_IROM1 (Base: 0x08000000, Size: 0x00000bf0, Max: 0x00080000, ABSOLUTE)

    Execution Region ER_IROM1 (Exec base: 0x08000000, Load base: 0x08000000, Size: 0x00000be0, Max: 0x00080000, ABSOLUTE)

    Exec Addr    Load Addr    Size         Type   Attr      Idx    E Section Name        Object

    0x08000000   0x08000000   0x00000198   Data   RO           64    RESET               startup_stm32f411xe.o
    0x08000198   0x08000198   0x00000000   Code   RO         2705  * .ARM.Collect$$$$00000000  mc_w.l(entry.o)
    0x08000198   0x08000198   0x00000004   Code   RO         2712    .ARM.Collect$$$$00000001  mc_w.l(entry2.o)
    0x0800019c   0x0800019c   0x00000004   Code   RO         2715    .ARM.Collect$$$$00000004  mc_w.l(entry5.o)
    0x080001a0   0x080001a0   0x00000000   Code   RO         2717    .ARM.Collect$$$$00000008  mc_w.l(entry7b.o)
    0x080001a0   0x080001a0   0x00000000   Code   RO         2719    .ARM.Collect$$$$0000000A  mc_w.l(entry8b.o)
    0x080001a0   0x080001a0   0x00000008   Code   RO         2720    .ARM.Collect$$$$0000000B  mc_w.l(entry9a.o)
    0x080001a8   0x080001a8   0x00000000   Code   RO         2722    .ARM.Collect$$$$0000000D  mc_w.l(entry10a.o)
    0x080001a8   0x080001a8   0x00000000   Code   RO         2724    .ARM.Collect$$$$0000000F  mc_w.l(entry11a.o)
    0x080001a8   0x080001a8   0x00000004   Code   RO         2713    .ARM.Collect$$$$00002712  mc_w.l(entry2.o)
    0x080001ac   0x080001ac   0x00000024   Code   RO           65    .text               startup_stm32f411xe.o
    0x080001d0   0x080001d0   0x00000062   Code   RO         2708    .text               mc_w.l(uldiv.o)
    0x08000232   0x08000232   0x0000001e   Code   RO         2726    .text               mc_w.l(llshl.o)
    0x08000250   0x08000250   0x00000020   Code   RO         2728    .text               mc_w.l(llushr.o)
    0x08000270   0x08000270   0x00000024   Code   RO         2730    .text               mc_w.l(init.o)
    0x08000294   0x08000294   0x00000002   Code   RO           33    .text.BusFault_Handler  stm32f4xx_it.o
    0x08000296   0x08000296   0x00000002   Code   RO           39    .text.DebugMon_Handler  stm32f4xx_it.o
    0x08000298   0x08000298   0x00000020   Code   RO           92    .text.HAL_Delay     stm32f4xx_hal.o
    0x080002b8   0x080002b8   0x000001ac   Code   RO          304    .text.HAL_GPIO_Init  stm32f4xx_hal_gpio.o
    0x08000464   0x08000464   0x00000010   Code   RO          312    .text.HAL_GPIO_TogglePin  stm32f4xx_hal_gpio.o
    0x08000474   0x08000474   0x0000000a   Code   RO          310    .text.HAL_GPIO_WritePin  stm32f4xx_hal_gpio.o
    0x0800047e   0x0800047e   0x00000002   PAD
    0x08000480   0x08000480   0x00000008   Code   RO           84    .text.HAL_GetTick   stm32f4xx_hal.o
    0x08000488   0x08000488   0x00000014   Code   RO           82    .text.HAL_IncTick   stm32f4xx_hal.o
    0x0800049c   0x0800049c   0x00000034   Code   RO           72    .text.HAL_Init      stm32f4xx_hal.o
    0x080004d0   0x080004d0   0x0000003c   Code   RO           74    .text.HAL_InitTick  stm32f4xx_hal.o
    0x0800050c   0x0800050c   0x00000002   Code   RO           52    .text.HAL_MspInit   stm32f4xx_hal_msp.o
    0x0800050e   0x0800050e   0x00000002   PAD
    0x08000510   0x08000510   0x00000038   Code   RO          144    .text.HAL_NVIC_SetPriority  stm32f4xx_hal_cortex.o
    0x08000548   0x08000548   0x00000020   Code   RO          142    .text.HAL_NVIC_SetPriorityGrouping  stm32f4xx_hal_cortex.o
    0x08000568   0x08000568   0x00000118   Code   RO         1044    .text.HAL_RCC_ClockConfig  stm32f4xx_hal_rcc.o
    0x08000680   0x08000680   0x0000005c   Code   RO         1046    .text.HAL_RCC_GetSysClockFreq  stm32f4xx_hal_rcc.o
    0x080006dc   0x080006dc   0x00000320   Code   RO         1042    .text.HAL_RCC_OscConfig  stm32f4xx_hal_rcc.o
    0x080009fc   0x080009fc   0x00000028   Code   RO          156    .text.HAL_SYSTICK_Config  stm32f4xx_hal_cortex.o
    0x08000a24   0x08000a24   0x00000002   Code   RO           29    .text.HardFault_Handler  stm32f4xx_it.o
    0x08000a26   0x08000a26   0x00000002   Code   RO           31    .text.MemManage_Handler  stm32f4xx_it.o
    0x08000a28   0x08000a28   0x00000002   Code   RO           27    .text.NMI_Handler   stm32f4xx_it.o
    0x08000a2a   0x08000a2a   0x0000000c   Code   RO         1068    .text.OUTLINED_FUNCTION_0  stm32f4xx_hal_rcc.o
    0x08000a36   0x08000a36   0x0000000a   Code   RO         1072    .text.OUTLINED_FUNCTION_2  stm32f4xx_hal_rcc.o
    0x08000a40   0x08000a40   0x00000002   Code   RO           41    .text.PendSV_Handler  stm32f4xx_it.o
    0x08000a42   0x08000a42   0x00000002   Code   RO           37    .text.SVC_Handler   stm32f4xx_it.o
    0x08000a44   0x08000a44   0x00000004   Code   RO           43    .text.SysTick_Handler  stm32f4xx_it.o
    0x08000a48   0x08000a48   0x0000004c   Code   RO            2    .text.SystemInit    system_stm32f4xx.o
    0x08000a94   0x08000a94   0x00000002   Code   RO           35    .text.UsageFault_Handler  stm32f4xx_it.o
    0x08000a96   0x08000a96   0x00000002   PAD
    0x08000a98   0x08000a98   0x00000024   Code   RO          146    .text.__NVIC_SetPriority  stm32f4xx_hal_cortex.o
    0x08000abc   0x08000abc   0x000000d4   Code   RO           17    .text.main          main.o
    0x08000b90   0x08000b90   0x0000000e   Code   RO         2734    i.__scatterload_copy  mc_w.l(handlers.o)
    0x08000b9e   0x08000b9e   0x00000002   Code   RO         2735    i.__scatterload_null  mc_w.l(handlers.o)
    0x08000ba0   0x08000ba0   0x0000000e   Code   RO         2736    i.__scatterload_zeroinit  mc_w.l(handlers.o)
    0x08000bae   0x08000bae   0x00000010   Data   RO            7    .rodata.AHBPrescTable  system_stm32f4xx.o
    0x08000bbe   0x08000bbe   0x00000002   PAD
    0x08000bc0   0x08000bc0   0x00000020   Data   RO         2733    Region$$Table       anon$$obj.o


    Execution Region RW_IRAM1 (Exec base: 0x20000000, Load base: 0x08000be0, Size: 0x00000418, Max: 0x00020000, ABSOLUTE)

    Exec Addr    Load Addr    Size         Type   Attr      Idx    E Section Name        Object

    0x20000000   0x08000be0   0x00000008   Data   RW          131    .data..L_MergedGlobals  stm32f4xx_hal.o
    0x20000008   0x08000be8   0x00000004   Data   RW            6    .data.SystemCoreClock  system_stm32f4xx.o
    0x2000000c   0x08000bec   0x00000004   PAD
    0x20000010        -       0x00000004   Zero   RW          130    .bss.uwTick         stm32f4xx_hal.o
    0x20000014   0x08000bec   0x00000004   PAD
    0x20000018        -       0x00000400   Zero   RW           62    STACK               startup_stm32f411xe.o


==============================================================================

Image component sizes


      Code (inc. data)   RO Data    RW Data    ZI Data      Debug   Object Name

       212          8          0          0          0       3317   main.o
        36          8        408          0       1024        864   startup_stm32f411xe.o
       172         12          0          8          4       7114   stm32f4xx_hal.o
       164         24          0          0          0       9864   stm32f4xx_hal_cortex.o
       454         24          0          0          0       5236   stm32f4xx_hal_gpio.o
         2          0          0          0          0        488   stm32f4xx_hal_msp.o
      1194         36          0          0          0       7727   stm32f4xx_hal_rcc.o
        20          0          0          0          0       1036   stm32f4xx_it.o
        76         16         16          4          0       2768   system_stm32f4xx.o

    ----------------------------------------------------------------------
      2336        128        458         12       1036      38414   Object Totals
         0          0         32          0          0          0   (incl. Generated)
         6          0          2          0          8          0   (incl. Padding)

    ----------------------------------------------------------------------

      Code (inc. data)   RO Data    RW Data    ZI Data      Debug   Library Member Name

         0          0          0          0          0          0   entry.o
         0          0          0          0          0          0   entry10a.o
         0          0          0          0          0          0   entry11a.o
         8          4          0          0          0          0   entry2.o
         4          0          0          0          0          0   entry5.o
         0          0          0          0          0          0   entry7b.o
         0          0          0          0          0          0   entry8b.o
         8          4          0          0          0          0   entry9a.o
        30          0          0          0          0          0   handlers.o
        36          8          0          0          0         68   init.o
        30          0          0          0          0         68   llshl.o
        32          0          0          0          0         68   llushr.o
        98          0          0          0          0         92   uldiv.o

    ----------------------------------------------------------------------
       246         16          0          0          0        296   Library Totals
         0          0          0          0          0          0   (incl. Padding)

    ----------------------------------------------------------------------

      Code (inc. data)   RO Data    RW Data    ZI Data      Debug   Library Name

       246         16          0          0          0        296   mc_w.l

    ----------------------------------------------------------------------
       246         16          0          0          0        296   Library Totals

    ----------------------------------------------------------------------

==============================================================================


      Code (inc. data)   RO Data    RW Data    ZI Data      Debug   

      2582        144        458         12       1036      38750   Grand Totals
      2582        144        458         12       1036      38750   ELF Image Totals
      2582        144        458         12          0          0   ROM Totals

==============================================================================

    Total RO  Size (Code + RO Data)                 3040 (   2.97kB)
    Total RW  Size (RW Data + ZI Data)              1048 (   1.02kB)
    Total ROM Size (Code + RO Data + RW Data)       3052 (   2.98kB)

==============================================================================

